Component: ARM Compiler 5.06 update 6 (build 750) Tool: armlink [4d35ed]

==============================================================================

Section Cross References

    main.o(i.main) refers to system_stm32f10x.o(i.SystemInit) for SystemInit
    main.o(i.main) refers to system_stm32f10x.o(i.SystemCoreClockUpdate) for SystemCoreClockUpdate
    main.o(i.main) refers to usart.o(i.USART_Config) for USART_Config
    main.o(i.main) refers to gpio.o(i.Gpio_Config) for Gpio_Config
    main.o(i.main) refers to system.o(i.Rtos_Run) for Rtos_Run
    gpio.o(i.Gpio_Config) refers to stm32f10x_rcc.o(i.RCC_APB2PeriphClockCmd) for RCC_APB2PeriphClockCmd
    gpio.o(i.Gpio_Config) refers to stm32f10x_gpio.o(i.GPIO_Init) for GPIO_Init
    system.o(i.Rtos_Run) refers to queue.o(i.xQueueCreateMutex) for xQueueCreateMutex
    system.o(i.Rtos_Run) refers to queue.o(i.xQueueGenericCreate) for xQueueGenericCreate
    system.o(i.Rtos_Run) refers to event_groups.o(i.xEventGroupCreate) for xEventGroupCreate
    system.o(i.Rtos_Run) refers to tasks.o(i.xTaskCreate) for xTaskCreate
    system.o(i.Rtos_Run) refers to tasks.o(i.vTaskStartScheduler) for vTaskStartScheduler
    system.o(i.Rtos_Run) refers to system.o(.data) for xMutex
    system.o(i.Rtos_Run) refers to system.o(i.Rtos_Task_Led1) for Rtos_Task_Led1
    system.o(i.Rtos_Run) refers to system.o(i.Rtos_Task_Usart) for Rtos_Task_Usart
    system.o(i.Rtos_Task_Led1) refers to event_groups.o(i.xEventGroupWaitBits) for xEventGroupWaitBits
    system.o(i.Rtos_Task_Led1) refers to system.o(i.Task_Led1) for Task_Led1
    system.o(i.Rtos_Task_Led1) refers to system.o(i.Task_Led2) for Task_Led2
    system.o(i.Rtos_Task_Led1) refers to system.o(i.Task_Led3) for Task_Led3
    system.o(i.Rtos_Task_Led1) refers to system.o(.data) for xEvent
    system.o(i.Rtos_Task_Usart) refers to system.o(i.Task_Usart) for Task_Usart
    system.o(i.Rtos_Task_Usart) refers to tasks.o(i.vTaskDelay) for vTaskDelay
    system.o(i.Task_Led1) refers to usart.o(i.USART_Printf) for USART_Printf
    system.o(i.Task_Led1) refers to stm32f10x_gpio.o(i.GPIO_WriteBit) for GPIO_WriteBit
    system.o(i.Task_Led2) refers to usart.o(i.USART_Printf) for USART_Printf
    system.o(i.Task_Led2) refers to stm32f10x_gpio.o(i.GPIO_WriteBit) for GPIO_WriteBit
    system.o(i.Task_Led3) refers to usart.o(i.USART_Printf) for USART_Printf
    system.o(i.Task_Led3) refers to stm32f10x_gpio.o(i.GPIO_WriteBit) for GPIO_WriteBit
    system.o(i.Task_Usart) refers to usart.o(i.USART_FlagDB) for USART_FlagDB
    system.o(i.Task_Usart) refers to usart.o(i.USART_Compare) for USART_Compare
    system.o(i.Task_Usart) refers to event_groups.o(i.xEventGroupSetBits) for xEventGroupSetBits
    system.o(i.Task_Usart) refers to system.o(.data) for xEvent
    usart.o(i.Numberal) refers to usart.o(.bss) for Buffer_Numberal
    usart.o(i.USART1_IRQHandler) refers to stm32f10x_usart.o(i.USART_GetITStatus) for USART_GetITStatus
    usart.o(i.USART1_IRQHandler) refers to stm32f10x_usart.o(i.USART_ReceiveData) for USART_ReceiveData
    usart.o(i.USART1_IRQHandler) refers to usart.o(.data) for GetChar
    usart.o(i.USART1_IRQHandler) refers to main.o(.bss) for Recei
    usart.o(i.USART2_IRQHandler) refers to stm32f10x_usart.o(i.USART_GetITStatus) for USART_GetITStatus
    usart.o(i.USART2_IRQHandler) refers to stm32f10x_usart.o(i.USART_ReceiveData) for USART_ReceiveData
    usart.o(i.USART2_IRQHandler) refers to usart.o(.data) for GetChar
    usart.o(i.USART2_IRQHandler) refers to main.o(.bss) for Recei
    usart.o(i.USART3_IRQHandler) refers to stm32f10x_usart.o(i.USART_GetITStatus) for USART_GetITStatus
    usart.o(i.USART3_IRQHandler) refers to stm32f10x_usart.o(i.USART_ReceiveData) for USART_ReceiveData
    usart.o(i.USART3_IRQHandler) refers to usart.o(.data) for GetChar
    usart.o(i.USART3_IRQHandler) refers to main.o(.bss) for Recei
    usart.o(i.USART_Compare) refers to strcmpv7m.o(.text) for strcmp
    usart.o(i.USART_Compare) refers to main.o(.bss) for Recei
    usart.o(i.USART_Config) refers to stm32f10x_rcc.o(i.RCC_APB2PeriphClockCmd) for RCC_APB2PeriphClockCmd
    usart.o(i.USART_Config) refers to stm32f10x_rcc.o(i.RCC_APB1PeriphClockCmd) for RCC_APB1PeriphClockCmd
    usart.o(i.USART_Config) refers to stm32f10x_gpio.o(i.GPIO_Init) for GPIO_Init
    usart.o(i.USART_Config) refers to stm32f10x_usart.o(i.USART_Init) for USART_Init
    usart.o(i.USART_Config) refers to stm32f10x_usart.o(i.USART_ITConfig) for USART_ITConfig
    usart.o(i.USART_Config) refers to usart.o(i.__NVIC_EnableIRQ) for __NVIC_EnableIRQ
    usart.o(i.USART_Config) refers to stm32f10x_usart.o(i.USART_Cmd) for USART_Cmd
    usart.o(i.USART_Config) refers to usart.o(.data) for USARTx
    usart.o(i.USART_FlagDB) refers to usart.o(.data) for stt_flag
    usart.o(i.USART_Printf) refers to vsprintf.o(.text) for vsprintf
    usart.o(i.USART_Printf) refers to usart.o(i.USART_SendString) for USART_SendString
[...]
    prvTimerTask                             0x08003265   Thumb Code    26  timers.o(i.prvTimerTask)
    i.prvUnlockQueue                         0x0800327e   Section        0  queue.o(i.prvUnlockQueue)
    prvUnlockQueue                           0x0800327f   Thumb Code   126  queue.o(i.prvUnlockQueue)
    i.pvPortMalloc                           0x080032fc   Section        0  heap_4.o(i.pvPortMalloc)
    i.pvTaskIncrementMutexHeldCount          0x080033e0   Section        0  tasks.o(i.pvTaskIncrementMutexHeldCount)
    i.pxPortInitialiseStack                  0x08003400   Section        0  port.o(i.pxPortInitialiseStack)
    i.uxListRemove                           0x08003424   Section        0  list.o(i.uxListRemove)
    i.uxTaskResetEventItemValue              0x0800344c   Section        0  tasks.o(i.uxTaskResetEventItemValue)
    i.vApplicationGetIdleTaskMemory          0x08003468   Section        0  cmsis_os2.o(i.vApplicationGetIdleTaskMemory)
    i.vApplicationGetTimerTaskMemory         0x08003480   Section        0  cmsis_os2.o(i.vApplicationGetTimerTaskMemory)
    i.vApplicationStackOverflowHook          0x08003498   Section        0  cmsis_os2.o(i.vApplicationStackOverflowHook)
    i.vListInitialise                        0x0800349a   Section        0  list.o(i.vListInitialise)
    i.vListInitialiseItem                    0x080034b4   Section        0  list.o(i.vListInitialiseItem)
    i.vListInsert                            0x080034ba   Section        0  list.o(i.vListInsert)
    i.vPortEnterCritical                     0x080034f0   Section        0  port.o(i.vPortEnterCritical)
    i.vPortExitCritical                      0x08003514   Section        0  port.o(i.vPortExitCritical)
    i.vPortFree                              0x08003534   Section        0  heap_4.o(i.vPortFree)
    i.vPortSetupTimerInterrupt               0x08003580   Section        0  port.o(i.vPortSetupTimerInterrupt)
    i.vQueueDelete                           0x080035a8   Section        0  queue.o(i.vQueueDelete)
    i.vQueueWaitForMessageRestricted         0x080035bc   Section        0  queue.o(i.vQueueWaitForMessageRestricted)
    i.vTaskDelay                             0x08003608   Section        0  tasks.o(i.vTaskDelay)
    i.vTaskInternalSetTimeOutState           0x0800363c   Section        0  tasks.o(i.vTaskInternalSetTimeOutState)
    i.vTaskMissedYield                       0x08003654   Section        0  tasks.o(i.vTaskMissedYield)
    i.vTaskPlaceOnEventList                  0x08003660   Section        0  tasks.o(i.vTaskPlaceOnEventList)
    i.vTaskPlaceOnEventListRestricted        0x08003680   Section        0  tasks.o(i.vTaskPlaceOnEventListRestricted)
    i.vTaskPlaceOnUnorderedEventList         0x080036cc   Section        0  tasks.o(i.vTaskPlaceOnUnorderedEventList)
    i.vTaskPriorityDisinheritAfterTimeout    0x0800371c   Section        0  tasks.o(i.vTaskPriorityDisinheritAfterTimeout)
    i.vTaskRemoveFromUnorderedEventList      0x080037dc   Section        0  tasks.o(i.vTaskRemoveFromUnorderedEventList)
    i.vTaskStartScheduler                    0x080038a8   Section        0  tasks.o(i.vTaskStartScheduler)
    i.vTaskSuspendAll                        0x08003944   Section        0  tasks.o(i.vTaskSuspendAll)
    i.vTaskSwitchContext                     0x08003954   Section        0  tasks.o(i.vTaskSwitchContext)
    i.xEventGroupCreate                      0x08003a04   Section        0  event_groups.o(i.xEventGroupCreate)
    i.xEventGroupSetBits                     0x08003a22   Section        0  event_groups.o(i.xEventGroupSetBits)
    i.xEventGroupWaitBits                    0x08003ab4   Section        0  event_groups.o(i.xEventGroupWaitBits)
    i.xPortStartScheduler                    0x08003b80   Section        0  port.o(i.xPortStartScheduler)
    i.xPortSysTickHandler                    0x08003bb4   Section        0  port.o(i.xPortSysTickHandler)
    i.xQueueCreateMutex                      0x08003be8   Section        0  queue.o(i.xQueueCreateMutex)
    i.xQueueCreateMutexStatic                0x08003c0a   Section        0  queue.o(i.xQueueCreateMutexStatic)
    i.xQueueGenericCreate                    0x08003c34   Section        0  queue.o(i.xQueueGenericCreate)
    i.xQueueGenericCreateStatic              0x08003c86   Section        0  queue.o(i.xQueueGenericCreateStatic)
    i.xQueueGenericReset                     0x08003cc4   Section        0  queue.o(i.xQueueGenericReset)
    i.xQueueGenericSend                      0x08003d64   Section        0  queue.o(i.xQueueGenericSend)
    i.xQueueReceive                          0x08003e7c   Section        0  queue.o(i.xQueueReceive)
    i.xQueueSemaphoreTake                    0x08003f80   Section        0  queue.o(i.xQueueSemaphoreTake)
    i.xTaskCheckForTimeOut                   0x080040b0   Section        0  tasks.o(i.xTaskCheckForTimeOut)
    i.xTaskCreate                            0x08004110   Section        0  tasks.o(i.xTaskCreate)
    i.xTaskCreateStatic                      0x0800417c   Section        0  tasks.o(i.xTaskCreateStatic)
    i.xTaskGetSchedulerState                 0x080041d4   Section        0  tasks.o(i.xTaskGetSchedulerState)
    i.xTaskGetTickCount                      0x080041f4   Section        0  tasks.o(i.xTaskGetTickCount)
    i.xTaskIncrementTick                     0x08004200   Section        0  tasks.o(i.xTaskIncrementTick)
    i.xTaskPriorityDisinherit                0x08004390   Section        0  tasks.o(i.xTaskPriorityDisinherit)
    i.xTaskPriorityInherit                   0x08004424   Section        0  tasks.o(i.xTaskPriorityInherit)
    i.xTaskRemoveFromEventList               0x080044fc   Section        0  tasks.o(i.xTaskRemoveFromEventList)
    i.xTaskResumeAll                         0x08004604   Section        0  tasks.o(i.xTaskResumeAll)
    i.xTimerCreateTimerTask                  0x0800475c   Section        0  timers.o(i.xTimerCreateTimerTask)
    locale$$code                             0x080047bc   Section       44  lc_numeric_c.o(locale$$code)
    locale$$code                             0x080047e8   Section       44  lc_ctype_c.o(locale$$code)
    x$fpl$printf1                            0x08004814   Section        4  printf1.o(x$fpl$printf1)
    x$fpl$printf2                            0x08004818   Section        4  printf2.o(x$fpl$printf2)
    .constdata                               0x0800481c   Section        8  _printf_wctomb.o(.constdata)
    x$fpl$usenofp                            0x0800481c   Section        0  usenofp.o(x$fpl$usenofp)
    initial_mbstate                          0x0800481c   Data           8  _printf_wctomb.o(.constdata)
    .constdata                               0x08004824   Section       40  _printf_hex_int_ll_ptr.o(.constdata)
    uc_hextab                                0x08004824   Data          20  _printf_hex_int_ll_ptr.o(.constdata)
    lc_hextab                                0x08004838   Data          20  _printf_hex_int_ll_ptr.o(.constdata)
    .constdata                               0x0800484c   Section       17  __printf_flags_ss_wp.o(.constdata)
    maptable                                 0x0800484c   Data          17  __printf_flags_ss_wp.o(.constdata)
    .constdata                               0x0800485d   Section       38  _printf_fp_hex.o(.constdata)
    lc_hextab                                0x0800485d   Data          19  _printf_fp_hex.o(.constdata)
    uc_hextab                                0x08004870   Data          19  _printf_fp_hex.o(.constdata)
    .constdata                               0x08004884   Section      148  bigflt0.o(.constdata)
    tenpwrs_x                                0x08004884   Data          60  bigflt0.o(.constdata)
    tenpwrs_i                                0x080048c0   Data          64  bigflt0.o(.constdata)
    locale$$data                             0x08004938   Section       28  lc_numeric_c.o(locale$$data)
    __lcnum_c_name                           0x0800493c   Data           2  lc_numeric_c.o(locale$$data)
    __lcnum_c_start                          0x08004944   Data           0  lc_numeric_c.o(locale$$data)
    __lcnum_c_point                          0x08004950   Data           0  lc_numeric_c.o(locale$$data)
    __lcnum_c_thousands                      0x08004952   Data           0  lc_numeric_c.o(locale$$data)
    __lcnum_c_grouping                       0x08004953   Data           0  lc_numeric_c.o(locale$$data)
    locale$$data                             0x08004954   Section      272  lc_ctype_c.o(locale$$data)
    __lcnum_c_end                            0x08004954   Data           0  lc_numeric_c.o(locale$$data)
    __lcctype_c_name                         0x08004958   Data           2  lc_ctype_c.o(locale$$data)
    __lcctype_c_start                        0x08004960   Data           0  lc_ctype_c.o(locale$$data)
    __lcctype_c_end                          0x08004a64   Data           0  lc_ctype_c.o(locale$$data)
    .data                                    0x20000000   Section       16  system.o(.data)
    .data                                    0x20000010   Section       28  usart.o(.data)
    .data                                    0x2000002c   Section       20  stm32f10x_rcc.o(.data)
    APBAHBPrescTable                         0x2000002c   Data          16  stm32f10x_rcc.o(.data)
    ADCPrescTable                            0x2000003c   Data           4  stm32f10x_rcc.o(.data)
    .data                                    0x20000040   Section       20  system_stm32f10x.o(.data)
    .data                                    0x20000054   Section       28  heap_4.o(.data)
    xStart                                   0x20000054   Data           8  heap_4.o(.data)
    pxEnd                                    0x2000005c   Data           4  heap_4.o(.data)
    xFreeBytesRemaining                      0x20000060   Data           4  heap_4.o(.data)
    xMinimumEverFreeBytesRemaining           0x20000064   Data           4  heap_4.o(.data)
    xNumberOfSuccessfulAllocations           0x20000068   Data           4  heap_4.o(.data)
    xNumberOfSuccessfulFrees                 0x2000006c   Data           4  heap_4.o(.data)
    .data                                    0x20000070   Section        4  port.o(.data)
    uxCriticalNesting                        0x20000070   Data           4  port.o(.data)
    .data                                    0x20000074   Section       64  tasks.o(.data)
    pxDelayedTaskList                        0x20000078   Data           4  tasks.o(.data)
    pxOverflowDelayedTaskList                0x2000007c   Data           4  tasks.o(.data)
    uxDeletedTasksWaitingCleanUp             0x20000080   Data           4  tasks.o(.data)
    uxCurrentNumberOfTasks                   0x20000084   Data           4  tasks.o(.data)
    xTickCount                               0x20000088   Data           4  tasks.o(.data)
    uxTopReadyPriority                       0x2000008c   Data           4  tasks.o(.data)
    xSchedulerRunning                        0x20000090   Data           4  tasks.o(.data)
    xPendedTicks                             0x20000094   Data           4  tasks.o(.data)
    xYieldPending                            0x20000098   Data           4  tasks.o(.data)
    xNumOfOverflows                          0x2000009c   Data           4  tasks.o(.data)
    uxTaskNumber                             0x200000a0   Data           4  tasks.o(.data)
    xNextTaskUnblockTime                     0x200000a4   Data           4  tasks.o(.data)
    xIdleTaskHandle                          0x200000a8   Data           4  tasks.o(.data)
    uxSchedulerSuspended                     0x200000b0   Data           4  tasks.o(.data)
    .data                                    0x200000b4   Section       20  timers.o(.data)
    pxCurrentTimerList                       0x200000b4   Data           4  timers.o(.data)
    pxOverflowTimerList                      0x200000b8   Data           4  timers.o(.data)
    xTimerQueue                              0x200000bc   Data           4  timers.o(.data)
    xTimerTaskHandle                         0x200000c0   Data           4  timers.o(.data)
    xLastTime                                0x200000c4   Data           4  timers.o(.data)
    .bss                                     0x200000c8   Section     1000  main.o(.bss)
    .bss                                     0x200004b0   Section      916  clib_arm.o(.bss)
    os_libspace                              0x200004b0   Data         480  clib_arm.o(.bss)
    os_libspace_id                           0x20000690   Data          16  clib_arm.o(.bss)
    clib_mutex_cb                            0x200006a0   Data         400  clib_arm.o(.bss)
    clib_mutex_id                            0x20000830   Data          20  clib_arm.o(.bss)
    .bss                                     0x20000844   Section     1016  cmsis_os2.o(.bss)
    Idle_TCB                                 0x20000844   Data          92  cmsis_os2.o(.bss)
    Idle_Stack                               0x200008a0   Data         512  cmsis_os2.o(.bss)
    Timer_TCB                                0x20000aa0   Data          92  cmsis_os2.o(.bss)
    Timer_Stack                              0x20000afc   Data         320  cmsis_os2.o(.bss)
    .bss                                     0x20000c3c   Section     8192  heap_4.o(.bss)
    ucHeap                                   0x20000c3c   Data        8192  heap_4.o(.bss)
    .bss                                     0x20002c3c   Section     1220  tasks.o(.bss)
    pxReadyTasksLists                        0x20002c3c   Data        1120  tasks.o(.bss)
    xDelayedTaskList1                        0x2000309c   Data          20  tasks.o(.bss)
    xDelayedTaskList2                        0x200030b0   Data          20  tasks.o(.bss)
    xPendingReadyList                        0x200030c4   Data          20  tasks.o(.bss)
    xTasksWaitingTermination                 0x200030d8   Data          20  tasks.o(.bss)
    xSuspendedTaskList                       0x200030ec   Data          20  tasks.o(.bss)
    .bss                                     0x20003100   Section      200  timers.o(.bss)
    xActiveTimerList1                        0x20003100   Data          20  timers.o(.bss)
    xActiveTimerList2                        0x20003114   Data          20  timers.o(.bss)
    xStaticTimerQueue                        0x20003128   Data          80  timers.o(.bss)
    ucStaticTimerQueueStorage                0x20003178   Data          80  timers.o(.bss)
    .bss                                     0x200031c8   Section       96  libspace.o(.bss)
    HEAP                                     0x20003228   Section      512  startup_stm32f10x_md.o(HEAP)
    Heap_Mem                                 0x20003228   Data         512  startup_stm32f10x_md.o(HEAP)
    STACK                                    0x20003428   Section     1024  startup_stm32f10x_md.o(STACK)
    Stack_Mem                                0x20003428   Data        1024  startup_stm32f10x_md.o(STACK)
    __initial_sp                             0x20003828   Data           0  startup_stm32f10x_md.o(STACK)

    Global Symbols

    Symbol Name                              Value     Ov Type        Size  Object(Section)

    BuildAttributes$$THM_ISAv4$P$D$K$B$S$PE$A:L22UL41UL21$X:L11$S22US41US21$IEEE1$IW$USESV6$~STKCKD$USESV7$~SHL$OTIME$ROPI$IEEEJ$EBA8$UX$STANDARDLIB$REQ8$PRES8$EABIv2 0x00000000   Number         0  anon$$obj.o ABSOLUTE
    __ARM_use_no_argv                        0x00000000   Number         0  main.o ABSOLUTE
    _printf_flags                            0x00000000   Number         0  printf_stubs.o ABSOLUTE
    _printf_return_value                     0x00000000   Number         0  printf_stubs.o ABSOLUTE
    _printf_sizespec                         0x00000000   Number         0  printf_stubs.o ABSOLUTE
    _printf_widthprec                        0x00000000   Number         0  printf_stubs.o ABSOLUTE
    __ARM_exceptions_init                     - Undefined Weak Reference
    __alloca_initialize                       - Undefined Weak Reference
    __arm_preinit_                            - Undefined Weak Reference
    __cpp_initialize__aeabi_                  - Undefined Weak Reference
    __cxa_finalize                            - Undefined Weak Reference
    __sigvec_lookup                           - Undefined Weak Reference
    _atexit_init                              - Undefined Weak Reference
    _call_atexit_fns                          - Undefined Weak Reference
    _clock_init                               - Undefined Weak Reference
    _fp_trap_init                             - Undefined Weak Reference
    _fp_trap_shutdown                         - Undefined Weak Reference
    _get_lc_collate                           - Undefined Weak Reference
    _get_lc_monetary                          - Undefined Weak Reference
    _get_lc_time                              - Undefined Weak Reference
    _getenv_init                              - Undefined Weak Reference
    _handle_redirection                       - Undefined Weak Reference
    _init_alloc                               - Undefined Weak Reference
    _init_user_alloc                          - Undefined Weak Reference
    _initio                                   - Undefined Weak Reference
    _printf_mbtowc                            - Undefined Weak Reference
    _printf_wc                                - Undefined Weak Reference
    _rand_init                                - Undefined Weak Reference
    _signal_finish                            - Undefined Weak Reference
    _signal_init                              - Undefined Weak Reference
    _terminate_alloc                          - Undefined Weak Reference
    _terminate_user_alloc                     - Undefined Weak Reference
    _terminateio                              - Undefined Weak Reference
    __Vectors_Size                           0x000000ec   Number         0  startup_stm32f10x_md.o ABSOLUTE
    __Vectors                                0x08000000   Data           4  startup_stm32f10x_md.o(RESET)
    __Vectors_End                            0x080000ec   Data           0  startup_stm32f10x_md.o(RESET)
    __main                                   0x080000ed   Thumb Code     8  __main.o(!!!main)
    __scatterload                            0x080000f5   Thumb Code     0  __scatter.o(!!!scatter)
    __scatterload_rt2                        0x080000f5   Thumb Code    44  __scatter.o(!!!scatter)
    __scatterload_rt2_thumb_only             0x080000f5   Thumb Code     0  __scatter.o(!!!scatter)
    __scatterload_null                       0x08000103   Thumb Code     0  __scatter.o(!!!scatter)
    __scatterload_copy                       0x08000129   Thumb Code    26  __scatter_copy.o(!!handler_copy)
    __scatterload_zeroinit                   0x08000145   Thumb Code    28  __scatter_zi.o(!!handler_zi)
    _printf_n                                0x08000161   Thumb Code     0  _printf_n.o(.ARM.Collect$$_printf_percent$$00000001)
    _printf_percent                          0x08000161   Thumb Code     0  _printf_percent.o(.ARM.Collect$$_printf_percent$$00000000)
    _printf_p                                0x08000167   Thumb Code     0  _printf_p.o(.ARM.Collect$$_printf_percent$$00000002)
    _printf_f                                0x0800016d   Thumb Code     0  _printf_f.o(.ARM.Collect$$_printf_percent$$00000003)
    _printf_e                                0x08000173   Thumb Code     0  _printf_e.o(.ARM.Collect$$_printf_percent$$00000004)
    _printf_g                                0x08000179   Thumb Code     0  _printf_g.o(.ARM.Collect$$_printf_percent$$00000005)
    _printf_a                                0x0800017f   Thumb Code     0  _printf_a.o(.ARM.Collect$$_printf_percent$$00000006)
    _printf_ll                               0x08000185   Thumb Code     0  _printf_ll.o(.ARM.Collect$$_printf_percent$$00000007)
    _printf_i                                0x0800018f   Thumb Code     0  _printf_i.o(.ARM.Collect$$_printf_percent$$00000008)
    _printf_d                                0x08000195   Thumb Code     0  _printf_d.o(.ARM.Collect$$_printf_percent$$00000009)
    _printf_u                                0x0800019b   Thumb Code     0  _printf_u.o(.ARM.Collect$$_printf_percent$$0000000A)
    _printf_o                                0x080001a1   Thumb Code     0  _printf_o.o(.ARM.Collect$$_printf_percent$$0000000B)
    _printf_x                                0x080001a7   Thumb Code     0  _printf_x.o(.ARM.Collect$$_printf_percent$$0000000C)
    _printf_lli                              0x080001ad   Thumb Code     0  _printf_lli.o(.ARM.Collect$$_printf_percent$$0000000D)
    _printf_lld                              0x080001b3   Thumb Code     0  _printf_lld.o(.ARM.Collect$$_printf_percent$$0000000E)
    _printf_llu                              0x080001b9   Thumb Code     0  _printf_llu.o(.ARM.Collect$$_printf_percent$$0000000F)
    _printf_llo                              0x080001bf   Thumb Code     0  _printf_llo.o(.ARM.Collect$$_printf_percent$$00000010)
    _printf_llx                              0x080001c5   Thumb Code     0  _printf_llx.o(.ARM.Collect$$_printf_percent$$00000011)
    _printf_l                                0x080001cb   Thumb Code     0  _printf_l.o(.ARM.Collect$$_printf_percent$$00000012)
    _printf_c                                0x080001d5   Thumb Code     0  _printf_c.o(.ARM.Collect$$_printf_percent$$00000013)
    _printf_s                                0x080001db   Thumb Code     0  _printf_s.o(.ARM.Collect$$_printf_percent$$00000014)
    _printf_lc                               0x080001e1   Thumb Code     0  _printf_lc.o(.ARM.Collect$$_printf_percent$$00000015)
    _printf_ls                               0x080001e7   Thumb Code     0  _printf_ls.o(.ARM.Collect$$_printf_percent$$00000016)
    _printf_percent_end                      0x080001ed   Thumb Code     0  _printf_percent_end.o(.ARM.Collect$$_printf_percent$$00000017)
    __rt_lib_init                            0x080001f1   Thumb Code     0  libinit.o(.ARM.Collect$$libinit$$00000000)
    __rt_lib_init_fp_1                       0x080001f3   Thumb Code     0  libinit2.o(.ARM.Collect$$libinit$$00000002)
    __rt_lib_init_heap_1                     0x080001f3   Thumb Code     0  libinit2.o(.ARM.Collect$$libinit$$0000000A)
    __rt_lib_init_lc_common                  0x080001f3   Thumb Code     0  libinit2.o(.ARM.Collect$$libinit$$0000000F)
    __rt_lib_init_preinit_1                  0x080001f3   Thumb Code     0  libinit2.o(.ARM.Collect$$libinit$$00000004)
    __rt_lib_init_rand_1                     0x080001f3   Thumb Code     0  libinit2.o(.ARM.Collect$$libinit$$0000000E)
    __rt_lib_init_user_alloc_1               0x080001f3   Thumb Code     0  libinit2.o(.ARM.Collect$$libinit$$0000000C)
    __rt_lib_init_lc_collate_1               0x080001f9   Thumb Code     0  libinit2.o(.ARM.Collect$$libinit$$00000011)
    __rt_lib_init_lc_ctype_2                 0x080001f9   Thumb Code     0  libinit2.o(.ARM.Collect$$libinit$$00000012)
    __rt_lib_init_lc_ctype_1                 0x08000205   Thumb Code     0  libinit2.o(.ARM.Collect$$libinit$$00000013)
    __rt_lib_init_lc_monetary_1              0x08000205   Thumb Code     0  libinit2.o(.ARM.Collect$$libinit$$00000015)
    __rt_lib_init_lc_numeric_2               0x08000205   Thumb Code     0  libinit2.o(.ARM.Collect$$libinit$$00000016)
    __rt_lib_init_alloca_1                   0x0800020f   Thumb Code     0  libinit2.o(.ARM.Collect$$libinit$$0000002E)
    __rt_lib_init_argv_1                     0x0800020f   Thumb Code     0  libinit2.o(.ARM.Collect$$libinit$$0000002C)
    __rt_lib_init_atexit_1                   0x0800020f   Thumb Code     0  libinit2.o(.ARM.Collect$$libinit$$0000001B)
    __rt_lib_init_clock_1                    0x0800020f   Thumb Code     0  libinit2.o(.ARM.Collect$$libinit$$00000021)
    __rt_lib_init_cpp_1                      0x0800020f   Thumb Code     0  libinit2.o(.ARM.Collect$$libinit$$00000032)
    __rt_lib_init_exceptions_1               0x0800020f   Thumb Code     0  libinit2.o(.ARM.Collect$$libinit$$00000030)
    __rt_lib_init_fp_trap_1                  0x0800020f   Thumb Code     0  libinit2.o(.ARM.Collect$$libinit$$0000001F)
    __rt_lib_init_getenv_1                   0x0800020f   Thumb Code     0  libinit2.o(.ARM.Collect$$libinit$$00000023)
    __rt_lib_init_lc_numeric_1               0x0800020f   Thumb Code     0  libinit2.o(.ARM.Collect$$libinit$$00000017)
    __rt_lib_init_lc_time_1                  0x0800020f   Thumb Code     0  libinit2.o(.ARM.Collect$$libinit$$00000019)
    __rt_lib_init_return                     0x0800020f   Thumb Code     0  libinit2.o(.ARM.Collect$$libinit$$00000033)
    __rt_lib_init_signal_1                   0x0800020f   Thumb Code     0  libinit2.o(.ARM.Collect$$libinit$$0000001D)
    __rt_lib_init_stdio_1                    0x0800020f   Thumb Code     0  libinit2.o(.ARM.Collect$$libinit$$00000025)
    __rt_lib_shutdown                        0x08000211   Thumb Code     0  libshutdown.o(.ARM.Collect$$libshutdown$$00000000)
    __rt_lib_shutdown_cpp_1                  0x08000213   Thumb Code     0  libshutdown2.o(.ARM.Collect$$libshutdown$$00000002)
    __rt_lib_shutdown_fp_trap_1              0x08000213   Thumb Code     0  libshutdown2.o(.ARM.Collect$$libshutdown$$00000007)
    __rt_lib_shutdown_heap_1                 0x08000213   Thumb Code     0  libshutdown2.o(.ARM.Collect$$libshutdown$$0000000F)
    __rt_lib_shutdown_return                 0x08000213   Thumb Code     0  libshutdown2.o(.ARM.Collect$$libshutdown$$00000010)
    __rt_lib_shutdown_signal_1               0x08000213   Thumb Code     0  libshutdown2.o(.ARM.Collect$$libshutdown$$0000000A)
    __rt_lib_shutdown_stdio_1                0x08000213   Thumb Code     0  libshutdown2.o(.ARM.Collect$$libshutdown$$00000004)
    __rt_lib_shutdown_user_alloc_1           0x08000213   Thumb Code     0  libshutdown2.o(.ARM.Collect$$libshutdown$$0000000C)
    __rt_entry                               0x08000215   Thumb Code     0  __rtentry.o(.ARM.Collect$$rtentry$$00000000)
    __rt_entry_presh_1                       0x08000215   Thumb Code     0  __rtentry2.o(.ARM.Collect$$rtentry$$00000002)
    __rt_entry_sh                            0x08000215   Thumb Code     0  __rtentry4.o(.ARM.Collect$$rtentry$$00000004)
    __rt_entry_postsh_1                      0x0800021b   Thumb Code     0  __rtentry2.o(.ARM.Collect$$rtentry$$00000008)
    __rt_entry_li                            0x08000223   Thumb Code     0  __rtentry2.o(.ARM.Collect$$rtentry$$0000000A)
    __rt_entry_main                          0x08000227   Thumb Code     0  __rtentry2.o(.ARM.Collect$$rtentry$$0000000D)
    __rt_entry_postli_1                      0x08000227   Thumb Code     0  __rtentry2.o(.ARM.Collect$$rtentry$$0000000C)
    __rt_exit                                0x0800022f   Thumb Code     0  rtexit.o(.ARM.Collect$$rtexit$$00000000)
    __rt_exit_ls                             0x08000231   Thumb Code     0  rtexit2.o(.ARM.Collect$$rtexit$$00000003)
    __rt_exit_prels_1                        0x08000231   Thumb Code     0  rtexit2.o(.ARM.Collect$$rtexit$$00000002)
    __rt_exit_exit                           0x08000235   Thumb Code     0  rtexit2.o(.ARM.Collect$$rtexit$$00000004)
    SVC_Handler                              0x0800023d   Thumb Code    32  port.o(.emb_text)
    __asm___6_port_c_39a90d8d__prvStartFirstTask 0x08000261   Thumb Code    28  port.o(.emb_text)
    PendSV_Handler                           0x08000281   Thumb Code    72  port.o(.emb_text)
    vPortGetIPSR                             0x080002cd   Thumb Code     6  port.o(.emb_text)
    Reset_Handler                            0x080002d5   Thumb Code     8  startup_stm32f10x_md.o(.text)
    NMI_Handler                              0x080002dd   Thumb Code     2  startup_stm32f10x_md.o(.text)
    HardFault_Handler                        0x080002df   Thumb Code     2  startup_stm32f10x_md.o(.text)
    MemManage_Handler                        0x080002e1   Thumb Code     2  startup_stm32f10x_md.o(.text)
    BusFault_Handler                         0x080002e3   Thumb Code     2  startup_stm32f10x_md.o(.text)
    UsageFault_Handler                       0x080002e5   Thumb Code     2  startup_stm32f10x_md.o(.text)
    DebugMon_Handler                         0x080002e9   Thumb Code     2  startup_stm32f10x_md.o(.text)
    ADC1_2_IRQHandler                        0x080002ef   Thumb Code     0  startup_stm32f10x_md.o(.text)
    CAN1_RX1_IRQHandler                      0x080002ef   Thumb Code     0  startup_stm32f10x_md.o(.text)
    CAN1_SCE_IRQHandler                      0x080002ef   Thumb Code     0  startup_stm32f10x_md.o(.text)
    DMA1_Channel1_IRQHandler                 0x080002ef   Thumb Code     0  startup_stm32f10x_md.o(.text)
    DMA1_Channel2_IRQHandler                 0x080002ef   Thumb Code     0  startup_stm32f10x_md.o(.text)
    DMA1_Channel3_IRQHandler                 0x080002ef   Thumb Code     0  startup_stm32f10x_md.o(.text)
    DMA1_Channel4_IRQHandler                 0x080002ef   Thumb Code     0  startup_stm32f10x_md.o(.text)
    DMA1_Channel5_IRQHandler                 0x080002ef   Thumb Code     0  startup_stm32f10x_md.o(.text)
    DMA1_Channel6_IRQHandler                 0x080002ef   Thumb Code     0  startup_stm32f10x_md.o(.text)
    DMA1_Channel7_IRQHandler                 0x080002ef   Thumb Code     0  startup_stm32f10x_md.o(.text)
    EXTI0_IRQHandler                         0x080002ef   Thumb Code     0  startup_stm32f10x_md.o(.text)
    EXTI15_10_IRQHandler                     0x080002ef   Thumb Code     0  startup_stm32f10x_md.o(.text)
    EXTI1_IRQHandler                         0x080002ef   Thumb Code     0  startup_stm32f10x_md.o(.text)
    EXTI2_IRQHandler                         0x080002ef   Thumb Code     0  startup_stm32f10x_md.o(.text)
    EXTI3_IRQHandler                         0x080002ef   Thumb Code     0  startup_stm32f10x_md.o(.text)
    EXTI4_IRQHandler                         0x080002ef   Thumb Code     0  startup_stm32f10x_md.o(.text)
    EXTI9_5_IRQHandler                       0x080002ef   Thumb Code     0  startup_stm32f10x_md.o(.text)
    FLASH_IRQHandler                         0x080002ef   Thumb Code     0  startup_stm32f10x_md.o(.text)
    I2C1_ER_IRQHandler                       0x080002ef   Thumb Code     0  startup_stm32f10x_md.o(.text)
    I2C1_EV_IRQHandler                       0x080002ef   Thumb Code     0  startup_stm32f10x_md.o(.text)
    I2C2_ER_IRQHandler                       0x080002ef   Thumb Code     0  startup_stm32f10x_md.o(.text)
    I2C2_EV_IRQHandler                       0x080002ef   Thumb Code     0  startup_stm32f10x_md.o(.text)
    PVD_IRQHandler                           0x080002ef   Thumb Code     0  startup_stm32f10x_md.o(.text)
    RCC_IRQHandler                           0x080002ef   Thumb Code     0  startup_stm32f10x_md.o(.text)
    RTCAlarm_IRQHandler                      0x080002ef   Thumb Code     0  startup_stm32f10x_md.o(.text)
    RTC_IRQHandler                           0x080002ef   Thumb Code     0  startup_stm32f10x_md.o(.text)
    SPI1_IRQHandler                          0x080002ef   Thumb Code     0  startup_stm32f10x_md.o(.text)
    SPI2_IRQHandler                          0x080002ef   Thumb Code     0  startup_stm32f10x_md.o(.text)
    TAMPER_IRQHandler                        0x080002ef   Thumb Code     0  startup_stm32f10x_md.o(.text)
    TIM1_BRK_IRQHandler                      0x080002ef   Thumb Code     0  startup_stm32f10x_md.o(.text)
    TIM1_CC_IRQHandler                       0x080002ef   Thumb Code     0  startup_stm32f10x_md.o(.text)
    TIM1_TRG_COM_IRQHandler                  0x080002ef   Thumb Code     0  startup_stm32f10x_md.o(.text)
    TIM1_UP_IRQHandler                       0x080002ef   Thumb Code     0  startup_stm32f10x_md.o(.text)
    TIM2_IRQHandler                          0x080002ef   Thumb Code     0  startup_stm32f10x_md.o(.text)
    TIM3_IRQHandler                          0x080002ef   Thumb Code     0  startup_stm32f10x_md.o(.text)
    TIM4_IRQHandler                          0x080002ef   Thumb Code     0  startup_stm32f10x_md.o(.text)
    USBWakeUp_IRQHandler                     0x080002ef   Thumb Code     0  startup_stm32f10x_md.o(.text)
    USB_HP_CAN1_TX_IRQHandler                0x080002ef   Thumb Code     0  startup_stm32f10x_md.o(.text)
    USB_LP_CAN1_RX0_IRQHandler               0x080002ef   Thumb Code     0  startup_stm32f10x_md.o(.text)
    WWDG_IRQHandler                          0x080002ef   Thumb Code     0  startup_stm32f10x_md.o(.text)
    __user_initial_stackheap                 0x080002f1   Thumb Code     0  startup_stm32f10x_md.o(.text)
    vsprintf                                 0x08000315   Thumb Code    32  vsprintf.o(.text)
    __aeabi_memcpy                           0x08000339   Thumb Code     0  rt_memcpy_v6.o(.text)
    __rt_memcpy                              0x08000339   Thumb Code   138  rt_memcpy_v6.o(.text)
    _memcpy_lastbytes                        0x0800039f   Thumb Code     0  rt_memcpy_v6.o(.text)
    __aeabi_memset                           0x080003c3   Thumb Code    16  aeabi_memset.o(.text)
    __aeabi_memclr                           0x080003d3   Thumb Code     0  rt_memclr.o(.text)
    __rt_memclr                              0x080003d3   Thumb Code    68  rt_memclr.o(.text)
    _memset                                  0x080003d7   Thumb Code     0  rt_memclr.o(.text)
    __aeabi_memclr4                          0x08000417   Thumb Code     0  rt_memclr_w.o(.text)
    __aeabi_memclr8                          0x08000417   Thumb Code     0  rt_memclr_w.o(.text)
    __rt_memclr_w                            0x08000417   Thumb Code    78  rt_memclr_w.o(.text)
    _memset_w                                0x0800041b   Thumb Code     0  rt_memclr_w.o(.text)
    strcmp                                   0x08000465   Thumb Code   128  strcmpv7m.o(.text)
    __use_two_region_memory                  0x080004e5   Thumb Code     2  heapauxi.o(.text)
    __rt_heap_escrow$2region                 0x080004e7   Thumb Code     2  heapauxi.o(.text)
    __rt_heap_expand$2region                 0x080004e9   Thumb Code     2  heapauxi.o(.text)
    _printf_pre_padding                      0x080004eb   Thumb Code    44  _printf_pad.o(.text)
    _printf_post_padding                     0x08000517   Thumb Code    34  _printf_pad.o(.text)
    _printf_truncate_signed                  0x08000539   Thumb Code    18  _printf_truncate.o(.text)
    _printf_truncate_unsigned                0x0800054b   Thumb Code    18  _printf_truncate.o(.text)
    _printf_str                              0x0800055d   Thumb Code    82  _printf_str.o(.text)
    _printf_int_dec                          0x080005b1   Thumb Code   104  _printf_dec.o(.text)
    _printf_charcount                        0x08000629   Thumb Code    40  _printf_charcount.o(.text)
    _printf_char_common                      0x0800065b   Thumb Code    32  _printf_char_common.o(.text)
    _sputc                                   0x08000681   Thumb Code    10  _sputc.o(.text)
    _printf_wctomb                           0x0800068d   Thumb Code   182  _printf_wctomb.o(.text)
    _printf_longlong_dec                     0x08000749   Thumb Code   108  _printf_longlong_dec.o(.text)
    _printf_longlong_oct                     0x080007c5   Thumb Code    66  _printf_oct_int_ll.o(.text)
    _printf_int_oct                          0x08000807   Thumb Code    24  _printf_oct_int_ll.o(.text)
    _printf_ll_oct                           0x0800081f   Thumb Code    12  _printf_oct_int_ll.o(.text)
    _printf_longlong_hex                     0x08000835   Thumb Code    86  _printf_hex_int_ll_ptr.o(.text)
    _printf_int_hex                          0x0800088b   Thumb Code    28  _printf_hex_int_ll_ptr.o(.text)
    _printf_ll_hex                           0x080008a7   Thumb Code    12  _printf_hex_int_ll_ptr.o(.text)
    _printf_hex_ptr                          0x080008b3   Thumb Code    18  _printf_hex_int_ll_ptr.o(.text)
    __printf                                 0x080008c9   Thumb Code   388  __printf_flags_ss_wp.o(.text)
    __aeabi_memcpy4                          0x08000a51   Thumb Code     0  rt_memcpy_w.o(.text)
    __aeabi_memcpy8                          0x08000a51   Thumb Code     0  rt_memcpy_w.o(.text)
    __rt_memcpy_w                            0x08000a51   Thumb Code   100  rt_memcpy_w.o(.text)
    _memcpy_lastbytes_aligned                0x08000a99   Thumb Code     0  rt_memcpy_w.o(.text)
    _ll_udiv10                               0x08000ab5   Thumb Code   138  lludiv10.o(.text)
    _printf_int_common                       0x08000b3f   Thumb Code   178  _printf_intcommon.o(.text)
    __lib_sel_fp_printf                      0x08000bf1   Thumb Code     2  _printf_fp_dec.o(.text)
    _printf_fp_dec_real                      0x08000da3   Thumb Code   620  _printf_fp_dec.o(.text)
    _printf_fp_hex_real                      0x08001011   Thumb Code   756  _printf_fp_hex.o(.text)
    _printf_cs_common                        0x0800130d   Thumb Code    20  _printf_char.o(.text)
    _printf_char                             0x08001321   Thumb Code    16  _printf_char.o(.text)
    _printf_string                           0x08001331   Thumb Code     8  _printf_char.o(.text)
    _printf_lcs_common                       0x08001339   Thumb Code    20  _printf_wchar.o(.text)
    _printf_wchar                            0x0800134d   Thumb Code    16  _printf_wchar.o(.text)
    _printf_wstring                          0x0800135d   Thumb Code     8  _printf_wchar.o(.text)
    _wcrtomb                                 0x08001365   Thumb Code    64  _wcrtomb.o(.text)
    __user_setup_stackheap                   0x080013a5   Thumb Code    74  sys_stackheap_outer.o(.text)
    __rt_ctype_table                         0x080013f1   Thumb Code    16  rt_ctype_table.o(.text)
    __rt_locale                              0x08001401   Thumb Code    10  rt_locale_twolibspace.o(.text)
    _printf_fp_infnan                        0x0800140d   Thumb Code   112  _printf_fp_infnan.o(.text)
    _btod_etento                             0x0800148d   Thumb Code   224  bigflt0.o(.text)
    exit                                     0x08001571   Thumb Code    18  exit.o(.text)
    __user_libspace                          0x08001585   Thumb Code     8  libspace.o(.text)
    __user_perproc_libspace                  0x08001585   Thumb Code     0  libspace.o(.text)
    _sys_exit                                0x0800158d   Thumb Code     8  sys_exit.o(.text)
    __I$use$semihosting                      0x08001599   Thumb Code     0  use_no_semi.o(.text)
    __use_no_semihosting_swi                 0x08001599   Thumb Code     2  use_no_semi.o(.text)
    __semihosting_library_function           0x0800159b   Thumb Code     0  indicate_semi.o(.text)
    _btod_d2e                                0x0800159b   Thumb Code    62  btod.o(CL$$btod_d2e)
    _d2e_denorm_low                          0x080015d9   Thumb Code    70  btod.o(CL$$btod_d2e_denorm_low)
    _d2e_norm_op1                            0x0800161f   Thumb Code    96  btod.o(CL$$btod_d2e_norm_op1)
    __btod_div_common                        0x0800167f   Thumb Code   696  btod.o(CL$$btod_div_common)
    _e2e                                     0x080019b7   Thumb Code   220  btod.o(CL$$btod_e2e)
    _btod_ediv                               0x08001a93   Thumb Code    42  btod.o(CL$$btod_ediv)
    _btod_emul                               0x08001abd   Thumb Code    42  btod.o(CL$$btod_emul)
    __btod_mult_common                       0x08001ae7   Thumb Code   580  btod.o(CL$$btod_mult_common)
    GPIO_Init                                0x08001d2b   Thumb Code   278  stm32f10x_gpio.o(i.GPIO_Init)
    GPIO_WriteBit                            0x08001e41   Thumb Code    10  stm32f10x_gpio.o(i.GPIO_WriteBit)
    Gpio_Config                              0x08001e4d   Thumb Code    40  gpio.o(i.Gpio_Config)
    RCC_APB1PeriphClockCmd                   0x08001e79   Thumb Code    26  stm32f10x_rcc.o(i.RCC_APB1PeriphClockCmd)
    RCC_APB2PeriphClockCmd                   0x08001e99   Thumb Code    26  stm32f10x_rcc.o(i.RCC_APB2PeriphClockCmd)
    RCC_GetClocksFreq                        0x08001eb9   Thumb Code   192  stm32f10x_rcc.o(i.RCC_GetClocksFreq)
    Rtos_Run                                 0x08001f8d   Thumb Code    94  system.o(i.Rtos_Run)
    Rtos_Task_Led1                           0x08002015   Thumb Code    98  system.o(i.Rtos_Task_Led1)
    Rtos_Task_Usart                          0x0800207d   Thumb Code    14  system.o(i.Rtos_Task_Usart)
    SysTick_Handler                          0x08002175   Thumb Code    22  cmsis_os2.o(i.SysTick_Handler)
    SystemCoreClockUpdate                    0x0800218d   Thumb Code   142  system_stm32f10x.o(i.SystemCoreClockUpdate)
    SystemInit                               0x08002231   Thumb Code    78  system_stm32f10x.o(i.SystemInit)
    Task_Led1                                0x08002291   Thumb Code    20  system.o(i.Task_Led1)
    Task_Led2                                0x080022b1   Thumb Code    22  system.o(i.Task_Led2)
    Task_Led3                                0x080022d5   Thumb Code    20  system.o(i.Task_Led3)
    Task_Usart                               0x080022f5   Thumb Code    76  system.o(i.Task_Usart)
    USART1_IRQHandler                        0x0800235d   Thumb Code    82  usart.o(i.USART1_IRQHandler)
    USART2_IRQHandler                        0x080023c5   Thumb Code    82  usart.o(i.USART2_IRQHandler)
    USART3_IRQHandler                        0x0800242d   Thumb Code    82  usart.o(i.USART3_IRQHandler)
    USART_Cmd                                0x08002495   Thumb Code    24  stm32f10x_usart.o(i.USART_Cmd)
    USART_Compare                            0x080024ad   Thumb Code    22  usart.o(i.USART_Compare)
    USART_Config                             0x080024c9   Thumb Code   284  usart.o(i.USART_Config)
    USART_FlagDB                             0x08002609   Thumb Code    22  usart.o(i.USART_FlagDB)
    USART_GetFlagStatus                      0x08002625   Thumb Code    26  stm32f10x_usart.o(i.USART_GetFlagStatus)
    USART_GetITStatus                        0x0800263f   Thumb Code    84  stm32f10x_usart.o(i.USART_GetITStatus)
    USART_ITConfig                           0x08002693   Thumb Code    74  stm32f10x_usart.o(i.USART_ITConfig)
    USART_Init                               0x080026dd   Thumb Code   210  stm32f10x_usart.o(i.USART_Init)
    USART_Printf                             0x080027b5   Thumb Code    36  usart.o(i.USART_Printf)
    USART_ReceiveData                        0x080027d9   Thumb Code    10  stm32f10x_usart.o(i.USART_ReceiveData)
    USART_SendChar                           0x080027e5   Thumb Code    32  usart.o(i.USART_SendChar)
    USART_SendData                           0x08002809   Thumb Code     8  stm32f10x_usart.o(i.USART_SendData)
    USART_SendString                         0x08002811   Thumb Code    22  usart.o(i.USART_SendString)
    __ARM_fpclassify                         0x08002827   Thumb Code    40  fpclassify.o(i.__ARM_fpclassify)
    _is_digit                                0x08002871   Thumb Code    14  __printf_wp.o(i._is_digit)
    _mutex_acquire                           0x0800287f   Thumb Code    28  clib_arm.o(i._mutex_acquire)
    _mutex_free                              0x0800289d   Thumb Code    46  clib_arm.o(i._mutex_free)
    _mutex_initialize                        0x080028d1   Thumb Code    98  clib_arm.o(i._mutex_initialize)
    _mutex_release                           0x0800293d   Thumb Code    30  clib_arm.o(i._mutex_release)
    _platform_post_stackheap_init            0x0800295b   Thumb Code     2  clib_arm.o(i._platform_post_stackheap_init)
    main                                     0x0800296d   Thumb Code    30  main.o(i.main)
    pvPortMalloc                             0x080032fd   Thumb Code   208  heap_4.o(i.pvPortMalloc)
    pvTaskIncrementMutexHeldCount            0x080033e1   Thumb Code    26  tasks.o(i.pvTaskIncrementMutexHeldCount)
    pxPortInitialiseStack                    0x08003401   Thumb Code    30  port.o(i.pxPortInitialiseStack)
    uxListRemove                             0x08003425   Thumb Code    40  list.o(i.uxListRemove)
    uxTaskResetEventItemValue                0x0800344d   Thumb Code    24  tasks.o(i.uxTaskResetEventItemValue)
    vApplicationGetIdleTaskMemory            0x08003469   Thumb Code    14  cmsis_os2.o(i.vApplicationGetIdleTaskMemory)
    vApplicationGetTimerTaskMemory           0x08003481   Thumb Code    14  cmsis_os2.o(i.vApplicationGetTimerTaskMemory)
    vApplicationStackOverflowHook            0x08003499   Thumb Code     2  cmsis_os2.o(i.vApplicationStackOverflowHook)
    vListInitialise                          0x0800349b   Thumb Code    26  list.o(i.vListInitialise)
    vListInitialiseItem                      0x080034b5   Thumb Code     6  list.o(i.vListInitialiseItem)
    vListInsert                              0x080034bb   Thumb Code    52  list.o(i.vListInsert)
    vPortEnterCritical                       0x080034f1   Thumb Code    30  port.o(i.vPortEnterCritical)
    vPortExitCritical                        0x08003515   Thumb Code    28  port.o(i.vPortExitCritical)
    vPortFree                                0x08003535   Thumb Code    68  heap_4.o(i.vPortFree)
    vPortSetupTimerInterrupt                 0x08003581   Thumb Code    36  port.o(i.vPortSetupTimerInterrupt)
    vQueueDelete                             0x080035a9   Thumb Code    20  queue.o(i.vQueueDelete)
    vQueueWaitForMessageRestricted           0x080035bd   Thumb Code    74  queue.o(i.vQueueWaitForMessageRestricted)
    vTaskDelay                               0x08003609   Thumb Code    46  tasks.o(i.vTaskDelay)
    vTaskInternalSetTimeOutState             0x0800363d   Thumb Code    14  tasks.o(i.vTaskInternalSetTimeOutState)
    vTaskMissedYield                         0x08003655   Thumb Code     8  tasks.o(i.vTaskMissedYield)
    vTaskPlaceOnEventList                    0x08003661   Thumb Code    28  tasks.o(i.vTaskPlaceOnEventList)
    vTaskPlaceOnEventListRestricted          0x08003681   Thumb Code    70  tasks.o(i.vTaskPlaceOnEventListRestricted)
    vTaskPlaceOnUnorderedEventList           0x080036cd   Thumb Code    74  tasks.o(i.vTaskPlaceOnUnorderedEventList)
    vTaskPriorityDisinheritAfterTimeout      0x0800371d   Thumb Code   182  tasks.o(i.vTaskPriorityDisinheritAfterTimeout)
    vTaskRemoveFromUnorderedEventList        0x080037dd   Thumb Code   188  tasks.o(i.vTaskRemoveFromUnorderedEventList)
    vTaskStartScheduler                      0x080038a9   Thumb Code   124  tasks.o(i.vTaskStartScheduler)
    vTaskSuspendAll                          0x08003945   Thumb Code    12  tasks.o(i.vTaskSuspendAll)
    vTaskSwitchContext                       0x08003955   Thumb Code   154  tasks.o(i.vTaskSwitchContext)
    xEventGroupCreate                        0x08003a05   Thumb Code    30  event_groups.o(i.xEventGroupCreate)
    xEventGroupSetBits                       0x08003a23   Thumb Code   146  event_groups.o(i.xEventGroupSetBits)
    xEventGroupWaitBits                      0x08003ab5   Thumb Code   198  event_groups.o(i.xEventGroupWaitBits)
    xPortStartScheduler                      0x08003b81   Thumb Code    42  port.o(i.xPortStartScheduler)
    xPortSysTickHandler                      0x08003bb5   Thumb Code    46  port.o(i.xPortSysTickHandler)
    xQueueCreateMutex                        0x08003be9   Thumb Code    34  queue.o(i.xQueueCreateMutex)
    xQueueCreateMutexStatic                  0x08003c0b   Thumb Code    42  queue.o(i.xQueueCreateMutexStatic)
    xQueueGenericCreate                      0x08003c35   Thumb Code    82  queue.o(i.xQueueGenericCreate)
    xQueueGenericCreateStatic                0x08003c87   Thumb Code    62  queue.o(i.xQueueGenericCreateStatic)
    xQueueGenericReset                       0x08003cc5   Thumb Code   156  queue.o(i.xQueueGenericReset)
    xQueueGenericSend                        0x08003d65   Thumb Code   276  queue.o(i.xQueueGenericSend)
    xQueueReceive                            0x08003e7d   Thumb Code   256  queue.o(i.xQueueReceive)
    xQueueSemaphoreTake                      0x08003f81   Thumb Code   300  queue.o(i.xQueueSemaphoreTake)
    xTaskCheckForTimeOut                     0x080040b1   Thumb Code    88  tasks.o(i.xTaskCheckForTimeOut)
    xTaskCreate                              0x08004111   Thumb Code   108  tasks.o(i.xTaskCreate)
    xTaskCreateStatic                        0x0800417d   Thumb Code    86  tasks.o(i.xTaskCreateStatic)
    xTaskGetSchedulerState                   0x080041d5   Thumb Code    24  tasks.o(i.xTaskGetSchedulerState)
    xTaskGetTickCount                        0x080041f5   Thumb Code     6  tasks.o(i.xTaskGetTickCount)
    xTaskIncrementTick                       0x08004201   Thumb Code   354  tasks.o(i.xTaskIncrementTick)
    xTaskPriorityDisinherit                  0x08004391   Thumb Code   138  tasks.o(i.xTaskPriorityDisinherit)
    xTaskPriorityInherit                     0x08004425   Thumb Code   202  tasks.o(i.xTaskPriorityInherit)
    xTaskRemoveFromEventList                 0x080044fd   Thumb Code   238  tasks.o(i.xTaskRemoveFromEventList)
    xTaskResumeAll                           0x08004605   Thumb Code   308  tasks.o(i.xTaskResumeAll)
    xTimerCreateTimerTask                    0x0800475d   Thumb Code    76  timers.o(i.xTimerCreateTimerTask)
    _get_lc_numeric                          0x080047bd   Thumb Code    44  lc_numeric_c.o(locale$$code)
    _get_lc_ctype                            0x080047e9   Thumb Code    44  lc_ctype_c.o(locale$$code)
    _printf_fp_dec                           0x08004815   Thumb Code     4  printf1.o(x$fpl$printf1)
    _printf_fp_hex                           0x08004819   Thumb Code     4  printf2.o(x$fpl$printf2)
    __I$use$fp                               0x0800481c   Number         0  usenofp.o(x$fpl$usenofp)
    Region$$Table$$Base                      0x08004918   Number         0  anon$$obj.o(Region$$Table)
    Region$$Table$$Limit                     0x08004938   Number         0  anon$$obj.o(Region$$Table)
    __ctype                                  0x08004961   Data           0  lc_ctype_c.o(locale$$data)
    queue_led                                0x20000000   Data           4  system.o(.data)
    queue_usart                              0x20000004   Data           4  system.o(.data)
    xMutex                                   0x20000008   Data           4  system.o(.data)
    xEvent                                   0x2000000c   Data           4  system.o(.data)
    GPIOx                                    0x20000010   Data           4  usart.o(.data)
    USARTx                                   0x20000014   Data           4  usart.o(.data)
    GetChar                                  0x20000018   Data           1  usart.o(.data)
    locate                                   0x2000001c   Data           4  usart.o(.data)
    count                                    0x20000020   Data           4  usart.o(.data)
    stt_flag                                 0x20000024   Data           4  usart.o(.data)
    Tx_pin                                   0x20000028   Data           2  usart.o(.data)
    Rx_pin                                   0x2000002a   Data           2  usart.o(.data)
    SystemCoreClock                          0x20000040   Data           4  system_stm32f10x.o(.data)
    AHBPrescTable                            0x20000044   Data          16  system_stm32f10x.o(.data)
    pxCurrentTCB                             0x20000074   Data           4  tasks.o(.data)
    uxTopUsedPriority                        0x200000ac   Data           4  tasks.o(.data)
    Recei                                    0x200000c8   Data        1000  main.o(.bss)
    __libspace_start                         0x200031c8   Data          96  libspace.o(.bss)
    __temporary_stack_top$libspace           0x20003228   Data           0  libspace.o(.bss)



==============================================================================

Memory Map of the image

  Image Entry point : 0x080000ed

  Load Region LR_IROM1 (Base: 0x08000000, Size: 0x00004b2c, Max: 0x00010000, ABSOLUTE)

    Execution Region ER_IROM1 (Exec base: 0x08000000, Load base: 0x08000000, Size: 0x00004a64, Max: 0x00010000, ABSOLUTE)

    Exec Addr    Load Addr    Size         Type   Attr      Idx    E Section Name        Object

    0x08000000   0x08000000   0x000000ec   Data   RO         1423    RESET               startup_stm32f10x_md.o
    0x080000ec   0x080000ec   0x00000008   Code   RO         2855  * !!!main             c_w.l(__main.o)
    0x080000f4   0x080000f4   0x00000034   Code   RO         3176    !!!scatter          c_w.l(__scatter.o)
    0x08000128   0x08000128   0x0000001a   Code   RO         3178    !!handler_copy      c_w.l(__scatter_copy.o)
    0x08000142   0x08000142   0x00000002   PAD
    0x08000144   0x08000144   0x0000001c   Code   RO         3180    !!handler_zi        c_w.l(__scatter_zi.o)
    0x08000160   0x08000160   0x00000000   Code   RO         2939    .ARM.Collect$$_printf_percent$$00000000  c_w.l(_printf_percent.o)
    0x08000160   0x08000160   0x00000006   Code   RO         2928    .ARM.Collect$$_printf_percent$$00000001  c_w.l(_printf_n.o)
    0x08000166   0x08000166   0x00000006   Code   RO         2930    .ARM.Collect$$_printf_percent$$00000002  c_w.l(_printf_p.o)
    0x0800016c   0x0800016c   0x00000006   Code   RO         2935    .ARM.Collect$$_printf_percent$$00000003  c_w.l(_printf_f.o)
    0x08000172   0x08000172   0x00000006   Code   RO         2936    .ARM.Collect$$_printf_percent$$00000004  c_w.l(_printf_e.o)
    0x08000178   0x08000178   0x00000006   Code   RO         2937    .ARM.Collect$$_printf_percent$$00000005  c_w.l(_printf_g.o)
    0x0800017e   0x0800017e   0x00000006   Code   RO         2938    .ARM.Collect$$_printf_percent$$00000006  c_w.l(_printf_a.o)
    0x08000184   0x08000184   0x0000000a   Code   RO         2943    .ARM.Collect$$_printf_percent$$00000007  c_w.l(_printf_ll.o)
    0x0800018e   0x0800018e   0x00000006   Code   RO         2932    .ARM.Collect$$_printf_percent$$00000008  c_w.l(_printf_i.o)
    0x08000194   0x08000194   0x00000006   Code   RO         2933    .ARM.Collect$$_printf_percent$$00000009  c_w.l(_printf_d.o)
    0x0800019a   0x0800019a   0x00000006   Code   RO         2934    .ARM.Collect$$_printf_percent$$0000000A  c_w.l(_printf_u.o)
    0x080001a0   0x080001a0   0x00000006   Code   RO         2931    .ARM.Collect$$_printf_percent$$0000000B  c_w.l(_printf_o.o)
    0x080001a6   0x080001a6   0x00000006   Code   RO         2929    .ARM.Collect$$_printf_percent$$0000000C  c_w.l(_printf_x.o)
    0x080001ac   0x080001ac   0x00000006   Code   RO         2940    .ARM.Collect$$_printf_percent$$0000000D  c_w.l(_printf_lli.o)
    0x080001b2   0x080001b2   0x00000006   Code   RO         2941    .ARM.Collect$$_printf_percent$$0000000E  c_w.l(_printf_lld.o)
    0x080001b8   0x080001b8   0x00000006   Code   RO         2942    .ARM.Collect$$_printf_percent$$0000000F  c_w.l(_printf_llu.o)
    0x080001be   0x080001be   0x00000006   Code   RO         2947    .ARM.Collect$$_printf_percent$$00000010  c_w.l(_printf_llo.o)
    0x080001c4   0x080001c4   0x00000006   Code   RO         2948    .ARM.Collect$$_printf_percent$$00000011  c_w.l(_printf_llx.o)
    0x080001ca   0x080001ca   0x0000000a   Code   RO         2944    .ARM.Collect$$_printf_percent$$00000012  c_w.l(_printf_l.o)
    0x080001d4   0x080001d4   0x00000006   Code   RO         2926    .ARM.Collect$$_printf_percent$$00000013  c_w.l(_printf_c.o)
    0x080001da   0x080001da   0x00000006   Code   RO         2927    .ARM.Collect$$_printf_percent$$00000014  c_w.l(_printf_s.o)
    0x080001e0   0x080001e0   0x00000006   Code   RO         2945    .ARM.Collect$$_printf_percent$$00000015  c_w.l(_printf_lc.o)
    0x080001e6   0x080001e6   0x00000006   Code   RO         2946    .ARM.Collect$$_printf_percent$$00000016  c_w.l(_printf_ls.o)
    0x080001ec   0x080001ec   0x00000004   Code   RO         2989    .ARM.Collect$$_printf_percent$$00000017  c_w.l(_printf_percent_end.o)
    0x080001f0   0x080001f0   0x00000002   Code   RO         3038    .ARM.Collect$$libinit$$00000000  c_w.l(libinit.o)
    0x080001f2   0x080001f2   0x00000000   Code   RO         3053    .ARM.Collect$$libinit$$00000002  c_w.l(libinit2.o)
    0x080001f2   0x080001f2   0x00000000   Code   RO         3055    .ARM.Collect$$libinit$$00000004  c_w.l(libinit2.o)
    0x080001f2   0x080001f2   0x00000000   Code   RO         3058    .ARM.Collect$$libinit$$0000000A  c_w.l(libinit2.o)
    0x080001f2   0x080001f2   0x00000000   Code   RO         3060    .ARM.Collect$$libinit$$0000000C  c_w.l(libinit2.o)
    0x080001f2   0x080001f2   0x00000000   Code   RO         3062    .ARM.Collect$$libinit$$0000000E  c_w.l(libinit2.o)
    0x080001f2   0x080001f2   0x00000006   Code   RO         3063    .ARM.Collect$$libinit$$0000000F  c_w.l(libinit2.o)
    0x080001f8   0x080001f8   0x00000000   Code   RO         3065    .ARM.Collect$$libinit$$00000011  c_w.l(libinit2.o)
    0x080001f8   0x080001f8   0x0000000c   Code   RO         3066    .ARM.Collect$$libinit$$00000012  c_w.l(libinit2.o)
    0x08000204   0x08000204   0x00000000   Code   RO         3067    .ARM.Collect$$libinit$$00000013  c_w.l(libinit2.o)
    0x08000204   0x08000204   0x00000000   Code   RO         3069    .ARM.Collect$$libinit$$00000015  c_w.l(libinit2.o)
    0x08000204   0x08000204   0x0000000a   Code   RO         3070    .ARM.Collect$$libinit$$00000016  c_w.l(libinit2.o)
    0x0800020e   0x0800020e   0x00000000   Code   RO         3071    .ARM.Collect$$libinit$$00000017  c_w.l(libinit2.o)
    0x0800020e   0x0800020e   0x00000000   Code   RO         3073    .ARM.Collect$$libinit$$00000019  c_w.l(libinit2.o)
    0x0800020e   0x0800020e   0x00000000   Code   RO         3075    .ARM.Collect$$libinit$$0000001B  c_w.l(libinit2.o)
    0x0800020e   0x0800020e   0x00000000   Code   RO         3077    .ARM.Collect$$libinit$$0000001D  c_w.l(libinit2.o)
    0x0800020e   0x0800020e   0x00000000   Code   RO         3079    .ARM.Collect$$libinit$$0000001F  c_w.l(libinit2.o)
    0x0800020e   0x0800020e   0x00000000   Code   RO         3081    .ARM.Collect$$libinit$$00000021  c_w.l(libinit2.o)
    0x0800020e   0x0800020e   0x00000000   Code   RO         3083    .ARM.Collect$$libinit$$00000023  c_w.l(libinit2.o)
    0x0800020e   0x0800020e   0x00000000   Code   RO         3085    .ARM.Collect$$libinit$$00000025  c_w.l(libinit2.o)
    0x0800020e   0x0800020e   0x00000000   Code   RO         3089    .ARM.Collect$$libinit$$0000002C  c_w.l(libinit2.o)
    0x0800020e   0x0800020e   0x00000000   Code   RO         3091    .ARM.Collect$$libinit$$0000002E  c_w.l(libinit2.o)
    0x0800020e   0x0800020e   0x00000000   Code   RO         3093    .ARM.Collect$$libinit$$00000030  c_w.l(libinit2.o)
    0x0800020e   0x0800020e   0x00000000   Code   RO         3095    .ARM.Collect$$libinit$$00000032  c_w.l(libinit2.o)
    0x0800020e   0x0800020e   0x00000002   Code   RO         3096    .ARM.Collect$$libinit$$00000033  c_w.l(libinit2.o)
    0x08000210   0x08000210   0x00000002   Code   RO         3116    .ARM.Collect$$libshutdown$$00000000  c_w.l(libshutdown.o)
    0x08000212   0x08000212   0x00000000   Code   RO         3129    .ARM.Collect$$libshutdown$$00000002  c_w.l(libshutdown2.o)
    0x08000212   0x08000212   0x00000000   Code   RO         3131    .ARM.Collect$$libshutdown$$00000004  c_w.l(libshutdown2.o)
    0x08000212   0x08000212   0x00000000   Code   RO         3134    .ARM.Collect$$libshutdown$$00000007  c_w.l(libshutdown2.o)
    0x08000212   0x08000212   0x00000000   Code   RO         3137    .ARM.Collect$$libshutdown$$0000000A  c_w.l(libshutdown2.o)
    0x08000212   0x08000212   0x00000000   Code   RO         3139    .ARM.Collect$$libshutdown$$0000000C  c_w.l(libshutdown2.o)
    0x08000212   0x08000212   0x00000000   Code   RO         3142    .ARM.Collect$$libshutdown$$0000000F  c_w.l(libshutdown2.o)
    0x08000212   0x08000212   0x00000002   Code   RO         3143    .ARM.Collect$$libshutdown$$00000010  c_w.l(libshutdown2.o)
    0x08000214   0x08000214   0x00000000   Code   RO         2857    .ARM.Collect$$rtentry$$00000000  c_w.l(__rtentry.o)
    0x08000214   0x08000214   0x00000000   Code   RO         2960    .ARM.Collect$$rtentry$$00000002  c_w.l(__rtentry2.o)
    0x08000214   0x08000214   0x00000006   Code   RO         2972    .ARM.Collect$$rtentry$$00000004  c_w.l(__rtentry4.o)
    0x0800021a   0x0800021a   0x00000008   Code   RO         2961    .ARM.Collect$$rtentry$$00000008  c_w.l(__rtentry2.o)
    0x08000222   0x08000222   0x00000004   Code   RO         2963    .ARM.Collect$$rtentry$$0000000A  c_w.l(__rtentry2.o)
    0x08000226   0x08000226   0x00000000   Code   RO         2965    .ARM.Collect$$rtentry$$0000000C  c_w.l(__rtentry2.o)
    0x08000226   0x08000226   0x00000008   Code   RO         2966    .ARM.Collect$$rtentry$$0000000D  c_w.l(__rtentry2.o)
    0x0800022e   0x0800022e   0x00000002   Code   RO         3047    .ARM.Collect$$rtexit$$00000000  c_w.l(rtexit.o)
    0x08000230   0x08000230   0x00000000   Code   RO         3098    .ARM.Collect$$rtexit$$00000002  c_w.l(rtexit2.o)
    0x08000230   0x08000230   0x00000004   Code   RO         3099    .ARM.Collect$$rtexit$$00000003  c_w.l(rtexit2.o)
    0x08000234   0x08000234   0x00000006   Code   RO         3100    .ARM.Collect$$rtexit$$00000004  c_w.l(rtexit2.o)
    0x0800023a   0x0800023a   0x00000002   PAD
    0x0800023c   0x0800023c   0x00000096   Code   RO         1939    .emb_text           port.o
    0x080002d2   0x080002d2   0x00000002   PAD
    0x080002d4   0x080002d4   0x00000040   Code   RO         1424    .text               startup_stm32f10x_md.o
    0x08000314   0x08000314   0x00000024   Code   RO         2841    .text               c_w.l(vsprintf.o)
    0x08000338   0x08000338   0x0000008a   Code   RO         2843    .text               c_w.l(rt_memcpy_v6.o)
    0x080003c2   0x080003c2   0x00000010   Code   RO         2845    .text               c_w.l(aeabi_memset.o)
    0x080003d2   0x080003d2   0x00000044   Code   RO         2847    .text               c_w.l(rt_memclr.o)
    0x08000416   0x08000416   0x0000004e   Code   RO         2849    .text               c_w.l(rt_memclr_w.o)
    0x08000464   0x08000464   0x00000080   Code   RO         2851    .text               c_w.l(strcmpv7m.o)
    0x080004e4   0x080004e4   0x00000006   Code   RO         2853    .text               c_w.l(heapauxi.o)
    0x080004ea   0x080004ea   0x0000004e   Code   RO         2860    .text               c_w.l(_printf_pad.o)
    0x08000538   0x08000538   0x00000024   Code   RO         2862    .text               c_w.l(_printf_truncate.o)
    0x0800055c   0x0800055c   0x00000052   Code   RO         2864    .text               c_w.l(_printf_str.o)
    0x080005ae   0x080005ae   0x00000002   PAD
    0x080005b0   0x080005b0   0x00000078   Code   RO         2866    .text               c_w.l(_printf_dec.o)
    0x08000628   0x08000628   0x00000028   Code   RO         2868    .text               c_w.l(_printf_charcount.o)
    0x08000650   0x08000650   0x00000030   Code   RO         2870    .text               c_w.l(_printf_char_common.o)
    0x08000680   0x08000680   0x0000000a   Code   RO         2872    .text               c_w.l(_sputc.o)
    0x0800068a   0x0800068a   0x00000002   PAD
    0x0800068c   0x0800068c   0x000000bc   Code   RO         2874    .text               c_w.l(_printf_wctomb.o)
    0x08000748   0x08000748   0x0000007c   Code   RO         2877    .text               c_w.l(_printf_longlong_dec.o)
    0x080007c4   0x080007c4   0x00000070   Code   RO         2883    .text               c_w.l(_printf_oct_int_ll.o)
    0x08000834   0x08000834   0x00000094   Code   RO         2903    .text               c_w.l(_printf_hex_int_ll_ptr.o)
    0x080008c8   0x080008c8   0x00000188   Code   RO         2923    .text               c_w.l(__printf_flags_ss_wp.o)
    0x08000a50   0x08000a50   0x00000064   Code   RO         2949    .text               c_w.l(rt_memcpy_w.o)
    0x08000ab4   0x08000ab4   0x0000008a   Code   RO         2974    .text               c_w.l(lludiv10.o)
    0x08000b3e   0x08000b3e   0x000000b2   Code   RO         2976    .text               c_w.l(_printf_intcommon.o)
    0x08000bf0   0x08000bf0   0x0000041e   Code   RO         2978    .text               c_w.l(_printf_fp_dec.o)
    0x0800100e   0x0800100e   0x00000002   PAD
    0x08001010   0x08001010   0x000002fc   Code   RO         2980    .text               c_w.l(_printf_fp_hex.o)
    0x0800130c   0x0800130c   0x0000002c   Code   RO         2985    .text               c_w.l(_printf_char.o)
    0x08001338   0x08001338   0x0000002c   Code   RO         2987    .text               c_w.l(_printf_wchar.o)
    0x08001364   0x08001364   0x00000040   Code   RO         2990    .text               c_w.l(_wcrtomb.o)
    0x080013a4   0x080013a4   0x0000004a   Code   RO         2992    .text               c_w.l(sys_stackheap_outer.o)
    0x080013ee   0x080013ee   0x00000002   PAD
    0x080013f0   0x080013f0   0x00000010   Code   RO         2994    .text               c_w.l(rt_ctype_table.o)
    0x08001400   0x08001400   0x0000000a   Code   RO         3001    .text               c_w.l(rt_locale_twolibspace.o)
    0x0800140a   0x0800140a   0x00000002   PAD
    0x0800140c   0x0800140c   0x00000080   Code   RO         3003    .text               c_w.l(_printf_fp_infnan.o)
    0x0800148c   0x0800148c   0x000000e4   Code   RO         3005    .text               c_w.l(bigflt0.o)
    0x08001570   0x08001570   0x00000012   Code   RO         3033    .text               c_w.l(exit.o)
    0x08001582   0x08001582   0x00000002   PAD
    0x08001584   0x08001584   0x00000008   Code   RO         3044    .text               c_w.l(libspace.o)
    0x0800158c   0x0800158c   0x0000000c   Code   RO         3108    .text               c_w.l(sys_exit.o)
    0x08001598   0x08001598   0x00000002   Code   RO         3119    .text               c_w.l(use_no_semi.o)
    0x0800159a   0x0800159a   0x00000000   Code   RO         3121    .text               c_w.l(indicate_semi.o)
    0x0800159a   0x0800159a   0x0000003e   Code   RO         3008    CL$$btod_d2e        c_w.l(btod.o)
    0x080015d8   0x080015d8   0x00000046   Code   RO         3010    CL$$btod_d2e_denorm_low  c_w.l(btod.o)
    0x0800161e   0x0800161e   0x00000060   Code   RO         3009    CL$$btod_d2e_norm_op1  c_w.l(btod.o)
    0x0800167e   0x0800167e   0x00000338   Code   RO         3018    CL$$btod_div_common  c_w.l(btod.o)
    0x080019b6   0x080019b6   0x000000dc   Code   RO         3015    CL$$btod_e2e        c_w.l(btod.o)
    0x08001a92   0x08001a92   0x0000002a   Code   RO         3012    CL$$btod_ediv       c_w.l(btod.o)
    0x08001abc   0x08001abc   0x0000002a   Code   RO         3011    CL$$btod_emul       c_w.l(btod.o)
    0x08001ae6   0x08001ae6   0x00000244   Code   RO         3017    CL$$btod_mult_common  c_w.l(btod.o)
    0x08001d2a   0x08001d2a   0x00000116   Code   RO         1092    i.GPIO_Init         stm32f10x_gpio.o
    0x08001e40   0x08001e40   0x0000000a   Code   RO         1103    i.GPIO_WriteBit     stm32f10x_gpio.o
    0x08001e4a   0x08001e4a   0x00000002   PAD
    0x08001e4c   0x08001e4c   0x0000002c   Code   RO          139    i.Gpio_Config       gpio.o
    0x08001e78   0x08001e78   0x00000020   Code   RO         1214    i.RCC_APB1PeriphClockCmd  stm32f10x_rcc.o
    0x08001e98   0x08001e98   0x00000020   Code   RO         1216    i.RCC_APB2PeriphClockCmd  stm32f10x_rcc.o
    0x08001eb8   0x08001eb8   0x000000d4   Code   RO         1224    i.RCC_GetClocksFreq  stm32f10x_rcc.o
    0x08001f8c   0x08001f8c   0x00000088   Code   RO          176    i.Rtos_Run          system.o
    0x08002014   0x08002014   0x00000068   Code   RO          177    i.Rtos_Task_Led1    system.o
    0x0800207c   0x0800207c   0x0000000e   Code   RO          178    i.Rtos_Task_Usart   system.o
    0x0800208a   0x0800208a   0x00000008   Code   RO         1431    i.SetSysClock       system_stm32f10x.o
    0x08002092   0x08002092   0x00000002   PAD
    0x08002094   0x08002094   0x000000e0   Code   RO         1432    i.SetSysClockTo72   system_stm32f10x.o
    0x08002174   0x08002174   0x00000016   Code   RO          429    i.SysTick_Handler   cmsis_os2.o
    0x0800218a   0x0800218a   0x00000002   PAD
    0x0800218c   0x0800218c   0x000000a4   Code   RO         1433    i.SystemCoreClockUpdate  system_stm32f10x.o
    0x08002230   0x08002230   0x00000060   Code   RO         1434    i.SystemInit        system_stm32f10x.o
    0x08002290   0x08002290   0x00000020   Code   RO          179    i.Task_Led1         system.o
    0x080022b0   0x080022b0   0x00000024   Code   RO          180    i.Task_Led2         system.o
    0x080022d4   0x080022d4   0x00000020   Code   RO          181    i.Task_Led3         system.o
    0x080022f4   0x080022f4   0x00000068   Code   RO          182    i.Task_Usart        system.o
    0x0800235c   0x0800235c   0x00000068   Code   RO          245    i.USART1_IRQHandler  usart.o
    0x080023c4   0x080023c4   0x00000068   Code   RO          246    i.USART2_IRQHandler  usart.o
    0x0800242c   0x0800242c   0x00000068   Code   RO          247    i.USART3_IRQHandler  usart.o
    0x08002494   0x08002494   0x00000018   Code   RO         1481    i.USART_Cmd         stm32f10x_usart.o
    0x080024ac   0x080024ac   0x0000001c   Code   RO          248    i.USART_Compare     usart.o
    0x080024c8   0x080024c8   0x00000140   Code   RO          249    i.USART_Config      usart.o
    0x08002608   0x08002608   0x0000001c   Code   RO          250    i.USART_FlagDB      usart.o
    0x08002624   0x08002624   0x0000001a   Code   RO         1484    i.USART_GetFlagStatus  stm32f10x_usart.o
    0x0800263e   0x0800263e   0x00000054   Code   RO         1485    i.USART_GetITStatus  stm32f10x_usart.o
    0x08002692   0x08002692   0x0000004a   Code   RO         1487    i.USART_ITConfig    stm32f10x_usart.o
    0x080026dc   0x080026dc   0x000000d8   Code   RO         1488    i.USART_Init        stm32f10x_usart.o
    0x080027b4   0x080027b4   0x00000024   Code   RO          251    i.USART_Printf      usart.o
    0x080027d8   0x080027d8   0x0000000a   Code   RO         1495    i.USART_ReceiveData  stm32f10x_usart.o
    0x080027e2   0x080027e2   0x00000002   PAD
    0x080027e4   0x080027e4   0x00000024   Code   RO          252    i.USART_SendChar    usart.o
    0x08002808   0x08002808   0x00000008   Code   RO         1498    i.USART_SendData    stm32f10x_usart.o
    0x08002810   0x08002810   0x00000016   Code   RO          254    i.USART_SendString  usart.o
    0x08002826   0x08002826   0x00000028   Code   RO         3042    i.__ARM_fpclassify  m_ws.l(fpclassify.o)
    0x0800284e   0x0800284e   0x00000022   Code   RO          255    i.__NVIC_EnableIRQ  usart.o
    0x08002870   0x08002870   0x0000000e   Code   RO         2916    i._is_digit         c_w.l(__printf_wp.o)
    0x0800287e   0x0800287e   0x0000001c   Code   RO          345    i._mutex_acquire    clib_arm.o
    0x0800289a   0x0800289a   0x00000002   PAD
    0x0800289c   0x0800289c   0x00000034   Code   RO          346    i._mutex_free       clib_arm.o
    0x080028d0   0x080028d0   0x0000006c   Code   RO          347    i._mutex_initialize  clib_arm.o
    0x0800293c   0x0800293c   0x0000001e   Code   RO          348    i._mutex_release    clib_arm.o
    0x0800295a   0x0800295a   0x00000002   Code   RO          349    i._platform_post_stackheap_init  clib_arm.o
    0x0800295c   0x0800295c   0x00000010   Code   RO          350    i.is_thread_mode    clib_arm.o
    0x0800296c   0x0800296c   0x0000001e   Code   RO            4    i.main              main.o
    0x0800298a   0x0800298a   0x00000012   Code   RO          351    i.os_kernel_is_active  clib_arm.o
    0x0800299c   0x0800299c   0x000000a4   Code   RO         2259    i.prvAddCurrentTaskToDelayedList  tasks.o
    0x08002a40   0x08002a40   0x000000e8   Code   RO         2260    i.prvAddNewTaskToReadyList  tasks.o
    0x08002b28   0x08002b28   0x0000005c   Code   RO         2656    i.prvCheckForValidListAndQueue  timers.o
    0x08002b84   0x08002b84   0x00000048   Code   RO         2261    i.prvCheckTasksWaitingTermination  tasks.o
    0x08002bcc   0x08002bcc   0x0000002a   Code   RO         2022    i.prvCopyDataFromQueue  queue.o
    0x08002bf6   0x08002bf6   0x0000007e   Code   RO         2023    i.prvCopyDataToQueue  queue.o
    0x08002c74   0x08002c74   0x00000028   Code   RO         2262    i.prvDeleteTCB      tasks.o
    0x08002c9c   0x08002c9c   0x00000014   Code   RO         2024    i.prvGetDisinheritPriorityAfterTimeout  queue.o
    0x08002cb0   0x08002cb0   0x00000028   Code   RO         2657    i.prvGetNextExpireTime  timers.o
    0x08002cd8   0x08002cd8   0x00000070   Code   RO         1866    i.prvHeapInit       heap_4.o
    0x08002d48   0x08002d48   0x00000028   Code   RO         2263    i.prvIdleTask       tasks.o
    0x08002d70   0x08002d70   0x0000001e   Code   RO         2025    i.prvInitialiseMutex  queue.o
    0x08002d8e   0x08002d8e   0x0000002a   Code   RO         2026    i.prvInitialiseNewQueue  queue.o
    0x08002db8   0x08002db8   0x00000086   Code   RO         2264    i.prvInitialiseNewTask  tasks.o
    0x08002e3e   0x08002e3e   0x00000002   PAD
    0x08002e40   0x08002e40   0x00000068   Code   RO         2265    i.prvInitialiseTaskLists  tasks.o
    0x08002ea8   0x08002ea8   0x00000068   Code   RO         1867    i.prvInsertBlockIntoFreeList  heap_4.o
    0x08002f10   0x08002f10   0x00000058   Code   RO         2659    i.prvInsertTimerInActiveList  timers.o
    0x08002f68   0x08002f68   0x0000001a   Code   RO         2027    i.prvIsQueueEmpty   queue.o
    0x08002f82   0x08002f82   0x0000001e   Code   RO         2028    i.prvIsQueueFull    queue.o
    0x08002fa0   0x08002fa0   0x00000044   Code   RO         2660    i.prvProcessExpiredTimer  timers.o
    0x08002fe4   0x08002fe4   0x00000110   Code   RO         2661    i.prvProcessReceivedCommands  timers.o
    0x080030f4   0x080030f4   0x00000074   Code   RO         2662    i.prvProcessTimerOrBlockTask  timers.o
    0x08003168   0x08003168   0x00000028   Code   RO         2663    i.prvReloadTimer    timers.o
    0x08003190   0x08003190   0x00000030   Code   RO         2267    i.prvResetNextTaskUnblockTime  tasks.o
    0x080031c0   0x080031c0   0x0000002c   Code   RO         2664    i.prvSampleTimeNow  timers.o
    0x080031ec   0x080031ec   0x00000044   Code   RO         2665    i.prvSwitchTimerLists  timers.o
    0x08003230   0x08003230   0x00000016   Code   RO         1940    i.prvTaskExitError  port.o
    0x08003246   0x08003246   0x0000001e   Code   RO         1690    i.prvTestWaitCondition  event_groups.o
    0x08003264   0x08003264   0x0000001a   Code   RO         2666    i.prvTimerTask      timers.o
    0x0800327e   0x0800327e   0x0000007e   Code   RO         2029    i.prvUnlockQueue    queue.o
    0x080032fc   0x080032fc   0x000000e4   Code   RO         1869    i.pvPortMalloc      heap_4.o
    0x080033e0   0x080033e0   0x00000020   Code   RO         2270    i.pvTaskIncrementMutexHeldCount  tasks.o
    0x08003400   0x08003400   0x00000024   Code   RO         1941    i.pxPortInitialiseStack  port.o
    0x08003424   0x08003424   0x00000028   Code   RO         1815    i.uxListRemove      list.o
    0x0800344c   0x0800344c   0x0000001c   Code   RO         2279    i.uxTaskResetEventItemValue  tasks.o
    0x08003468   0x08003468   0x00000018   Code   RO          502    i.vApplicationGetIdleTaskMemory  cmsis_os2.o
    0x08003480   0x08003480   0x00000018   Code   RO          503    i.vApplicationGetTimerTaskMemory  cmsis_os2.o
    0x08003498   0x08003498   0x00000002   Code   RO          504    i.vApplicationStackOverflowHook  cmsis_os2.o
    0x0800349a   0x0800349a   0x0000001a   Code   RO         1816    i.vListInitialise   list.o
    0x080034b4   0x080034b4   0x00000006   Code   RO         1817    i.vListInitialiseItem  list.o
    0x080034ba   0x080034ba   0x00000034   Code   RO         1818    i.vListInsert       list.o
    0x080034ee   0x080034ee   0x00000002   PAD
    0x080034f0   0x080034f0   0x00000024   Code   RO         1943    i.vPortEnterCritical  port.o
    0x08003514   0x08003514   0x00000020   Code   RO         1944    i.vPortExitCritical  port.o
    0x08003534   0x08003534   0x0000004c   Code   RO         1870    i.vPortFree         heap_4.o
    0x08003580   0x08003580   0x00000028   Code   RO         1945    i.vPortSetupTimerInterrupt  port.o
    0x080035a8   0x080035a8   0x00000014   Code   RO         2035    i.vQueueDelete      queue.o
    0x080035bc   0x080035bc   0x0000004a   Code   RO         2037    i.vQueueWaitForMessageRestricted  queue.o
    0x08003606   0x08003606   0x00000002   PAD
    0x08003608   0x08003608   0x00000034   Code   RO         2280    i.vTaskDelay        tasks.o
    0x0800363c   0x0800363c   0x00000018   Code   RO         2285    i.vTaskInternalSetTimeOutState  tasks.o
    0x08003654   0x08003654   0x0000000c   Code   RO         2286    i.vTaskMissedYield  tasks.o
    0x08003660   0x08003660   0x00000020   Code   RO         2287    i.vTaskPlaceOnEventList  tasks.o
    0x08003680   0x08003680   0x0000004c   Code   RO         2288    i.vTaskPlaceOnEventListRestricted  tasks.o
    0x080036cc   0x080036cc   0x00000050   Code   RO         2289    i.vTaskPlaceOnUnorderedEventList  tasks.o
    0x0800371c   0x0800371c   0x000000c0   Code   RO         2290    i.vTaskPriorityDisinheritAfterTimeout  tasks.o
    0x080037dc   0x080037dc   0x000000cc   Code   RO         2292    i.vTaskRemoveFromUnorderedEventList  tasks.o
    0x080038a8   0x080038a8   0x0000009c   Code   RO         2296    i.vTaskStartScheduler  tasks.o
    0x08003944   0x08003944   0x00000010   Code   RO         2298    i.vTaskSuspendAll   tasks.o
    0x08003954   0x08003954   0x000000b0   Code   RO         2299    i.vTaskSwitchContext  tasks.o
    0x08003a04   0x08003a04   0x0000001e   Code   RO         1698    i.xEventGroupCreate  event_groups.o
    0x08003a22   0x08003a22   0x00000092   Code   RO         1701    i.xEventGroupSetBits  event_groups.o
    0x08003ab4   0x08003ab4   0x000000cc   Code   RO         1704    i.xEventGroupWaitBits  event_groups.o
    0x08003b80   0x08003b80   0x00000034   Code   RO         1946    i.xPortStartScheduler  port.o
    0x08003bb4   0x08003bb4   0x00000034   Code   RO         1947    i.xPortSysTickHandler  port.o
    0x08003be8   0x08003be8   0x00000022   Code   RO         2040    i.xQueueCreateMutex  queue.o
    0x08003c0a   0x08003c0a   0x0000002a   Code   RO         2041    i.xQueueCreateMutexStatic  queue.o
    0x08003c34   0x08003c34   0x00000052   Code   RO         2042    i.xQueueGenericCreate  queue.o
    0x08003c86   0x08003c86   0x0000003e   Code   RO         2043    i.xQueueGenericCreateStatic  queue.o
    0x08003cc4   0x08003cc4   0x000000a0   Code   RO         2044    i.xQueueGenericReset  queue.o
    0x08003d64   0x08003d64   0x00000118   Code   RO         2045    i.xQueueGenericSend  queue.o
    0x08003e7c   0x08003e7c   0x00000104   Code   RO         2055    i.xQueueReceive     queue.o
    0x08003f80   0x08003f80   0x00000130   Code   RO         2057    i.xQueueSemaphoreTake  queue.o
    0x080040b0   0x080040b0   0x00000060   Code   RO         2301    i.xTaskCheckForTimeOut  tasks.o
    0x08004110   0x08004110   0x0000006c   Code   RO         2302    i.xTaskCreate       tasks.o
    0x0800417c   0x0800417c   0x00000056   Code   RO         2303    i.xTaskCreateStatic  tasks.o
    0x080041d2   0x080041d2   0x00000002   PAD
    0x080041d4   0x080041d4   0x00000020   Code   RO         2310    i.xTaskGetSchedulerState  tasks.o
    0x080041f4   0x080041f4   0x0000000c   Code   RO         2311    i.xTaskGetTickCount  tasks.o
    0x08004200   0x08004200   0x00000190   Code   RO         2313    i.xTaskIncrementTick  tasks.o
    0x08004390   0x08004390   0x00000094   Code   RO         2314    i.xTaskPriorityDisinherit  tasks.o
    0x08004424   0x08004424   0x000000d8   Code   RO         2315    i.xTaskPriorityInherit  tasks.o
    0x080044fc   0x080044fc   0x00000108   Code   RO         2316    i.xTaskRemoveFromEventList  tasks.o
    0x08004604   0x08004604   0x00000158   Code   RO         2317    i.xTaskResumeAll    tasks.o
    0x0800475c   0x0800475c   0x00000060   Code   RO         2675    i.xTimerCreateTimerTask  timers.o
    0x080047bc   0x080047bc   0x0000002c   Code   RO         3031    locale$$code        c_w.l(lc_numeric_c.o)
    0x080047e8   0x080047e8   0x0000002c   Code   RO         3050    locale$$code        c_w.l(lc_ctype_c.o)
    0x08004814   0x08004814   0x00000004   Code   RO         2951    x$fpl$printf1       fz_ws.l(printf1.o)
    0x08004818   0x08004818   0x00000004   Code   RO         2953    x$fpl$printf2       fz_ws.l(printf2.o)
    0x0800481c   0x0800481c   0x00000000   Code   RO         3041    x$fpl$usenofp       fz_ws.l(usenofp.o)
    0x0800481c   0x0800481c   0x00000008   Data   RO         2875    .constdata          c_w.l(_printf_wctomb.o)
    0x08004824   0x08004824   0x00000028   Data   RO         2904    .constdata          c_w.l(_printf_hex_int_ll_ptr.o)
    0x0800484c   0x0800484c   0x00000011   Data   RO         2924    .constdata          c_w.l(__printf_flags_ss_wp.o)
    0x0800485d   0x0800485d   0x00000026   Data   RO         2981    .constdata          c_w.l(_printf_fp_hex.o)
    0x08004883   0x08004883   0x00000001   PAD
    0x08004884   0x08004884   0x00000094   Data   RO         3006    .constdata          c_w.l(bigflt0.o)
    0x08004918   0x08004918   0x00000020   Data   RO         3174    Region$$Table       anon$$obj.o
    0x08004938   0x08004938   0x0000001c   Data   RO         3030    locale$$data        c_w.l(lc_numeric_c.o)
    0x08004954   0x08004954   0x00000110   Data   RO         3049    locale$$data        c_w.l(lc_ctype_c.o)


    Execution Region RW_IRAM1 (Exec base: 0x20000000, Load base: 0x08004a64, Size: 0x00003828, Max: 0x00005000, ABSOLUTE)

    Exec Addr    Load Addr    Size         Type   Attr      Idx    E Section Name        Object

    0x20000000   0x08004a64   0x00000010   Data   RW          183    .data               system.o
    0x20000010   0x08004a74   0x0000001c   Data   RW          257    .data               usart.o
    0x2000002c   0x08004a90   0x00000014   Data   RW         1244    .data               stm32f10x_rcc.o
    0x20000040   0x08004aa4   0x00000014   Data   RW         1435    .data               system_stm32f10x.o
    0x20000054   0x08004ab8   0x0000001c   Data   RW         1876    .data               heap_4.o
    0x20000070   0x08004ad4   0x00000004   Data   RW         1948    .data               port.o
    0x20000074   0x08004ad8   0x00000040   Data   RW         2320    .data               tasks.o
    0x200000b4   0x08004b18   0x00000014   Data   RW         2685    .data               timers.o
    0x200000c8        -       0x000003e8   Zero   RW            5    .bss                main.o
    0x200004b0        -       0x00000394   Zero   RW          352    .bss                clib_arm.o
    0x20000844        -       0x000003f8   Zero   RW          505    .bss                cmsis_os2.o
    0x20000c3c        -       0x00002000   Zero   RW         1875    .bss                heap_4.o
    0x20002c3c        -       0x000004c4   Zero   RW         2319    .bss                tasks.o
    0x20003100        -       0x000000c8   Zero   RW         2684    .bss                timers.o
    0x200031c8        -       0x00000060   Zero   RW         3045    .bss                c_w.l(libspace.o)
    0x20003228        -       0x00000200   Zero   RW         1422    HEAP                startup_stm32f10x_md.o
    0x20003428        -       0x00000400   Zero   RW         1421    STACK               startup_stm32f10x_md.o


==============================================================================

Image component sizes


      Code (inc. data)   RO Data    RW Data    ZI Data      Debug   Object Name

       254         16          0          0        916      27228   clib_arm.o
        72         20          0          0       1016      31051   cmsis_os2.o
       410          6          0          0          0      17195   event_groups.o
        44          4          0          0          0        454   gpio.o
       520         58          0         28       8192       5063   heap_4.o
       124          0          0          0          0      12469   list.o
        30          0          0          0       1000     252447   main.o
       420         48          0          4          0       9544   port.o
      1760         16          0          0          0      19047   queue.o
        64         26        236          0       1536        816   startup_stm32f10x_md.o
       288          0          0          0          0       2948   stm32f10x_gpio.o
       276         32          0         20          0       4914   stm32f10x_rcc.o
       442          6          0          0          0       6949   stm32f10x_usart.o
       458        114          0         16          0       3553   system.o
       492         50          0         20          0       3009   system_stm32f10x.o
      3620        398          0         64       1220      48286   tasks.o
       950        110          0         20        200      11848   timers.o
       816        118          0         28          0       6060   usart.o

    ----------------------------------------------------------------------
     11060       1022        268        200      14080     462881   Object Totals
         0          0         32          0          0          0   (incl. Generated)
        20          0          0          0          0          0   (incl. Padding)

    ----------------------------------------------------------------------

      Code (inc. data)   RO Data    RW Data    ZI Data      Debug   Library Member Name

         8          0          0          0          0         68   __main.o
       392          4         17          0          0         92   __printf_flags_ss_wp.o
        14          0          0          0          0         68   __printf_wp.o
         0          0          0          0          0          0   __rtentry.o
        20          0          0          0          0          0   __rtentry2.o
         6          0          0          0          0          0   __rtentry4.o
        52          8          0          0          0          0   __scatter.o
        26          0          0          0          0          0   __scatter_copy.o
        28          0          0          0          0          0   __scatter_zi.o
         6          0          0          0          0          0   _printf_a.o
         6          0          0          0          0          0   _printf_c.o
        44          0          0          0          0        108   _printf_char.o
        48          6          0          0          0         96   _printf_char_common.o
        40          0          0          0          0         68   _printf_charcount.o
         6          0          0          0          0          0   _printf_d.o
       120         16          0          0          0         92   _printf_dec.o
         6          0          0          0          0          0   _printf_e.o
         6          0          0          0          0          0   _printf_f.o
      1054          0          0          0          0        216   _printf_fp_dec.o
       764          8         38          0          0        100   _printf_fp_hex.o
       128         16          0          0          0         84   _printf_fp_infnan.o
         6          0          0          0          0          0   _printf_g.o
       148          4         40          0          0        160   _printf_hex_int_ll_ptr.o
         6          0          0          0          0          0   _printf_i.o
       178          0          0          0          0         88   _printf_intcommon.o
        10          0          0          0          0          0   _printf_l.o
         6          0          0          0          0          0   _printf_lc.o
        10          0          0          0          0          0   _printf_ll.o
         6          0          0          0          0          0   _printf_lld.o
         6          0          0          0          0          0   _printf_lli.o
         6          0          0          0          0          0   _printf_llo.o
         6          0          0          0          0          0   _printf_llu.o
         6          0          0          0          0          0   _printf_llx.o
       124         16          0          0          0         92   _printf_longlong_dec.o
         6          0          0          0          0          0   _printf_ls.o
         6          0          0          0          0          0   _printf_n.o
         6          0          0          0          0          0   _printf_o.o
       112         10          0          0          0        124   _printf_oct_int_ll.o
         6          0          0          0          0          0   _printf_p.o
        78          0          0          0          0        108   _printf_pad.o
         0          0          0          0          0          0   _printf_percent.o
         4          0          0          0          0          0   _printf_percent_end.o
         6          0          0          0          0          0   _printf_s.o
        82          0          0          0          0         80   _printf_str.o
        36          0          0          0          0         84   _printf_truncate.o
         6          0          0          0          0          0   _printf_u.o
        44          0          0          0          0        108   _printf_wchar.o
       188          6          8          0          0         92   _printf_wctomb.o
         6          0          0          0          0          0   _printf_x.o
        10          0          0          0          0         68   _sputc.o
        64          0          0          0          0         92   _wcrtomb.o
        16          0          0          0          0         68   aeabi_memset.o
       228          4        148          0          0         96   bigflt0.o
      1936        128          0          0          0        672   btod.o
        18          0          0          0          0         80   exit.o
         6          0          0          0          0        152   heapauxi.o
         0          0          0          0          0          0   indicate_semi.o
        44         10        272          0          0         76   lc_ctype_c.o
        44         10         28          0          0         76   lc_numeric_c.o
         2          0          0          0          0          0   libinit.o
        30          0          0          0          0          0   libinit2.o
         2          0          0          0          0          0   libshutdown.o
         2          0          0          0          0          0   libshutdown2.o
         8          4          0          0         96         68   libspace.o
       138          0          0          0          0         80   lludiv10.o
        16          4          0          0          0         76   rt_ctype_table.o
        10          0          0          0          0         76   rt_locale_twolibspace.o
        68          0          0          0          0         68   rt_memclr.o
        78          0          0          0          0         80   rt_memclr_w.o
       138          0          0          0          0         68   rt_memcpy_v6.o
       100          0          0          0          0         80   rt_memcpy_w.o
         2          0          0          0          0          0   rtexit.o
        10          0          0          0          0          0   rtexit2.o
       128          0          0          0          0         68   strcmpv7m.o
        12          4          0          0          0         68   sys_exit.o
        74          0          0          0          0         80   sys_stackheap_outer.o
         2          0          0          0          0         68   use_no_semi.o
        36          4          0          0          0         76   vsprintf.o
         4          0          0          0          0         68   printf1.o
         4          0          0          0          0         68   printf2.o
         0          0          0          0          0          0   usenofp.o
        40          0          0          0          0         68   fpclassify.o

    ----------------------------------------------------------------------
      7164        262        552          0         96       4468   Library Totals
        16          0          1          0          0          0   (incl. Padding)

    ----------------------------------------------------------------------

      Code (inc. data)   RO Data    RW Data    ZI Data      Debug   Library Name

      7100        262        551          0         96       4264   c_w.l
         8          0          0          0          0        136   fz_ws.l
        40          0          0          0          0         68   m_ws.l

    ----------------------------------------------------------------------
      7164        262        552          0         96       4468   Library Totals

    ----------------------------------------------------------------------

==============================================================================


      Code (inc. data)   RO Data    RW Data    ZI Data      Debug   

     18224       1284        820        200      14176     458453   Grand Totals
     18224       1284        820        200      14176     458453   ELF Image Totals
     18224       1284        820        200          0          0   ROM Totals

==============================================================================

    Total RO  Size (Code + RO Data)                19044 (  18.60kB)
    Total RW  Size (RW Data + ZI Data)             14376 (  14.04kB)
    Total ROM Size (Code + RO Data + RW Data)      19244 (  18.79kB)

==============================================================================

