<html>
<body>
<pre>
<h1>µVision Build Log</h1>
<h2>Tool Versions:</h2>
IDE-Version: µVision V5.33.0.0
Copyright (C) 2020 ARM Ltd and ARM Germany GmbH. All rights reserved.
License Information: trungnguyen trung nguyen, trung nguyen, LIC=D0D7S-LG1F7-RAYDM-XUEZR-K9DM0-V1GNG
 
Tool Versions:
Toolchain:       MDK-ARM Plus  Version: 5.33.0.0
Toolchain Path:  C:\Keil_v5\ARM\ARMCLANG\Bin
C Compiler:      ArmClang.exe V6.15
Assembler:       Armasm.exe V6.15
Linker/Locator:  ArmLink.exe V6.15
Library Manager: ArmAr.exe V6.15
Hex Converter:   FromElf.exe V6.15
CPU DLL:         SARMCM3.DLL V5.33.0.0
Dialog DLL:      DCM.DLL V1.17.3.0
Target DLL:      UL2CM3.DLL V1.163.9.0
Dialog DLL:      TCM.DLL V1.48.0.0
 
<h2>Project:</h2>
C:\Users\Admin\Desktop\Code\Study\RTOS\RTOS_test\MDK\RTOS_test.uvprojx
Project File Date:  07/18/2023

<h2>Output:</h2>
*** Using Compiler 'V6.15', folder: 'C:\Keil_v5\ARM\ARMCLANG\Bin'
Build target 'Target 1'
compiling main.c...
../USER/main.c(13): warning: no newline at end of file [-Wnewline-eof]
}
 ^
1 warning generated.
compiling clib_arm.c...
C:/Keil_v5/ARM/PACK/ARM/CMSIS-FreeRTOS/10.5.1/CMSIS/RTOS2/FreeRTOS/Source/ARM/clib_arm.c(26): warning: In file included from...
C:/Keil_v5/ARM/PACK/ARM/CMSIS-FreeRTOS/10.5.1/Source/include\FreeRTOS.h(1343): warning: padding struct 'struct xSTATIC_QUEUE' with 1 byte to align 'uxDummy8' [-Wpadded]
        UBaseType_t uxDummy8;
                    ^
C:/Keil_v5/ARM/PACK/ARM/CMSIS-FreeRTOS/10.5.1/Source/include\FreeRTOS.h(1320): warning: padding size of 'struct xSTATIC_QUEUE' with 3 bytes to alignment boundary [-Wpadded]
typedef struct xSTATIC_QUEUE
               ^
2 warnings generated.
compiling cmsis_os2.c...
C:/Keil_v5/ARM/PACK/ARM/CMSIS-FreeRTOS/10.5.1/CMSIS/RTOS2/FreeRTOS/Source/cmsis_os2.c(29): warning: In file included from...
C:/Keil_v5/ARM/PACK/ARM/CMSIS-FreeRTOS/10.5.1/Source/include\FreeRTOS.h(1256): warning: padding size of 'struct xSTATIC_TCB' with 2 bytes to alignment boundary [-Wpadded]
typedef struct xSTATIC_TCB
               ^
C:/Keil_v5/ARM/PACK/ARM/CMSIS-FreeRTOS/10.5.1/CMSIS/RTOS2/FreeRTOS/Source/cmsis_os2.c(656): warning: default label in switch which covers all enumeration values [-Wcovered-switch-default]
      default:         state = osThreadError;      break;
      ^
C:/Keil_v5/ARM/PACK/ARM/CMSIS-FreeRTOS/10.5.1/CMSIS/RTOS2/FreeRTOS/Source/cmsis_os2.c(730): warning: empty expression statement has no effect; remove unnecessary ';' to silence this warning [-Wextra-semi-stmt]
    taskYIELD();
               ^
C:/Keil_v5/ARM/PACK/ARM/CMSIS-FreeRTOS/10.5.1/CMSIS/RTOS2/FreeRTOS/Source/cmsis_os2.c(30): warning: In file included from...
C:/Keil_v5/ARM/PACK/ARM/CMSIS-FreeRTOS/10.5.1/Source/include/task.h(160): warning: padding struct 'struct xTASK_STATUS' with 3 bytes to align 'uxCurrentPriority' [-Wpadded]
    UBaseType_t uxCurrentPriority;                /* The priority at which the task was running (may be inherited) when the structure was populated. */
                ^
C:/Keil_v5/ARM/PACK/ARM/CMSIS-FreeRTOS/10.5.1/Source/include/task.h(154): warning: padding size of 'struct xTASK_STATUS' with 2 bytes to alignment boundary [-Wpadded]
typedef struct xTASK_STATUS
               ^
C:/Keil_v5/ARM/PACK/ARM/CMSIS-FreeRTOS/10.5.1/CMSIS/RTOS2/FreeRTOS/Source/cmsis_os2.c(29): warning: In file included from...
C:/Keil_v5/ARM/PACK/ARM/CMSIS-FreeRTOS/10.5.1/Source/include\FreeRTOS.h(1391): warning: padding size of 'struct xSTATIC_TIMER' with 3 bytes to alignment boundary [-Wpadded]
typedef struct xSTATIC_TIMER
               ^
C:/Keil_v5/ARM/PACK/ARM/CMSIS-FreeRTOS/10.5.1/CMSIS/RTOS2/FreeRTOS/Source/cmsis_os2.c(1206): warning: implicit conversion changes signedness: 'UBaseType_t' (aka 'unsigned long') to 'BaseType_t' (aka 'long') [-Wsign-conversion]
          hTimer = xTimerCreateStatic (name, 1, reload, callb, TimerCallback, (StaticTimer_t *)attr->cb_mem);
                   ~~~~~~~~~~~~~~~~~~           ^~~~~~
C:/Keil_v5/ARM/PACK/ARM/CMSIS-FreeRTOS/10.5.1/CMSIS/RTOS2/FreeRTOS/Source/cmsis_os2.c(1212): warning: implicit conversion changes signedness: 'UBaseType_t' (aka 'unsigned long') to 'BaseType_t' (aka 'long') [-Wsign-conversion]
            hTimer = xTimerCreate (name, 1, reload, callb, TimerCallback);
                     ~~~~~~~~~~~~           ^~~~~~
C:/Keil_v5/ARM/PACK/ARM/CMSIS-FreeRTOS/10.5.1/CMSIS/RTOS2/FreeRTOS/Source/cmsis_os2.c(29): warning: In file included from...
C:/Keil_v5/ARM/PACK/ARM/CMSIS-FreeRTOS/10.5.1/Source/include\FreeRTOS.h(1363): warning: padding size of 'struct xSTATIC_EVENT_GROUP' with 3 bytes to alignment boundary [-Wpadded]
typedef struct xSTATIC_EVENT_GROUP
               ^
C:/Keil_v5/ARM/PACK/ARM/CMSIS-FreeRTOS/10.5.1/Source/include\FreeRTOS.h(1343): warning: padding struct 'struct xSTATIC_QUEUE' with 1 byte to align 'uxDummy8' [-Wpadded]
        UBaseType_t uxDummy8;
                    ^
C:/Keil_v5/ARM/PACK/ARM/CMSIS-FreeRTOS/10.5.1/Source/include\FreeRTOS.h(1320): warning: padding size of 'struct xSTATIC_QUEUE' with 3 bytes to alignment boundary [-Wpadded]
typedef struct xSTATIC_QUEUE
               ^
11 warnings generated.
compiling os_systick.c...
compiling misc.c...
C:/Keil_v5/ARM/PACK/Keil/STM32F1xx_DFP/2.4.1/Device/StdPeriph_Driver/src/misc.c(131): warning: implicit conversion loses integer precision: 'uint32_t' (aka 'unsigned int') to 'uint8_t' (aka 'unsigned char') [-Wimplicit-int-conversion]
    NVIC->IP[NVIC_InitStruct->NVIC_IRQChannel] = tmppriority;
                                               ~ ^~~~~~~~~~~
1 warning generated.
compiling stm32f10x_gpio.c...
compiling stm32f10x_rcc.c...
compiling stm32f10x_usart.c...
C:/Keil_v5/ARM/PACK/Keil/STM32F1xx_DFP/2.4.1/Device/StdPeriph_Driver/src/stm32f10x_usart.c(22): warning: In file included from...
C:/Keil_v5/ARM/PACK/Keil/STM32F1xx_DFP/2.4.1/Device/StdPeriph_Driver/inc\stm32f10x_usart.h(49): warning: padding size of 'USART_InitTypeDef' with 2 bytes to alignment boundary [-Wpadded]
typedef struct
        ^
C:/Keil_v5/ARM/PACK/Keil/STM32F1xx_DFP/2.4.1/Device/StdPeriph_Driver/src/stm32f10x_usart.c(1043): warning: implicit conversion loses integer precision: 'int' to 'uint16_t' (aka 'unsigned short') [-Wimplicit-int-conversion]
  itmask = ((uint16_t)0x01 << (uint16_t)bitpos);
         ~  ~~~~~~~~~~~~~~~^~~~~~~~~~~~~~~~~~~
2 warnings generated.
assembling startup_stm32f10x_md.s...
compiling system_stm32f10x.c...
RTE/Device/STM32F103C8/system_stm32f10x.c(166): warning: no previous extern declaration for non-static variable 'AHBPrescTable' [-Wmissing-variable-declarations]
__I uint8_t AHBPrescTable[16] = {0, 0, 0, 0, 0, 0, 0, 0, 1, 2, 3, 4, 6, 7, 8, 9};
            ^
RTE/Device/STM32F103C8/system_stm32f10x.c(166): note: declare 'static' if the variable is not intended to be used outside of this translation unit
__I uint8_t AHBPrescTable[16] = {0, 0, 0, 0, 0, 0, 0, 0, 1, 2, 3, 4, 6, 7, 8, 9};
    ^
1 warning generated.
compiling freertos_evr.c...
compiling event_groups.c...
C:/Keil_v5/ARM/PACK/ARM/CMSIS-FreeRTOS/10.5.1/Source/event_groups.c(64): warning: padding size of 'struct EventGroupDef_t' with 3 bytes to alignment boundary [-Wpadded]
typedef struct EventGroupDef_t
               ^
C:/Keil_v5/ARM/PACK/ARM/CMSIS-FreeRTOS/10.5.1/Source/event_groups.c(38): warning: In file included from...
C:/Keil_v5/ARM/PACK/ARM/CMSIS-FreeRTOS/10.5.1/Source/include\FreeRTOS.h(1363): warning: padding size of 'struct xSTATIC_EVENT_GROUP' with 3 bytes to alignment boundary [-Wpadded]
typedef struct xSTATIC_EVENT_GROUP
               ^
C:/Keil_v5/ARM/PACK/ARM/CMSIS-FreeRTOS/10.5.1/Source/event_groups.c(261): warning: empty expression statement has no effect; remove unnecessary ';' to silence this warning [-Wextra-semi-stmt]
            portYIELD_WITHIN_API();
                                  ^
C:/Keil_v5/ARM/PACK/ARM/CMSIS-FreeRTOS/10.5.1/Source/event_groups.c(413): warning: empty expression statement has no effect; remove unnecessary ';' to silence this warning [-Wextra-semi-stmt]
            portYIELD_WITHIN_API();
                                  ^
4 warnings generated.
compiling list.c...
compiling port.c...
compiling heap_4.c...
C:/Keil_v5/ARM/PACK/ARM/CMSIS-FreeRTOS/10.5.1/Source/portable/MemMang/heap_4.c(414): warning: cast from 'uint8_t *' (aka 'unsigned char *') to 'BlockLink_t *' (aka 'struct A_BLOCK_LINK *') increases required alignment from 1 to 4 [-Wcast-align]
    pxFirstFreeBlock = ( BlockLink_t * ) pucAlignedHeap;
                       ^~~~~~~~~~~~~~~~~~~~~~~~~~~~~~~~
1 warning generated.
compiling queue.c...
C:/Keil_v5/ARM/PACK/ARM/CMSIS-FreeRTOS/10.5.1/Source/queue.c(329): warning: empty expression statement has no effect; remove unnecessary ';' to silence this warning [-Wextra-semi-stmt]
                        queueYIELD_IF_USING_PREEMPTION();
                                                        ^
C:/Keil_v5/ARM/PACK/ARM/CMSIS-FreeRTOS/10.5.1/Source/queue.c(130): warning: padding struct 'struct QueueDefinition' with 1 byte to align 'uxQueueNumber' [-Wpadded]
        UBaseType_t uxQueueNumber;
                    ^
C:/Keil_v5/ARM/PACK/ARM/CMSIS-FreeRTOS/10.5.1/Source/queue.c(100): warning: padding size of 'struct QueueDefinition' with 3 bytes to alignment boundary [-Wpadded]
typedef struct QueueDefinition /* The old naming convention is used to prevent breaking kernel aware debuggers. */
               ^
C:/Keil_v5/ARM/PACK/ARM/CMSIS-FreeRTOS/10.5.1/Source/queue.c(37): warning: In file included from...
C:/Keil_v5/ARM/PACK/ARM/CMSIS-FreeRTOS/10.5.1/Source/include\FreeRTOS.h(1343): warning: padding struct 'struct xSTATIC_QUEUE' with 1 byte to align 'uxDummy8' [-Wpadded]
        UBaseType_t uxDummy8;
                    ^
C:/Keil_v5/ARM/PACK/ARM/CMSIS-FreeRTOS/10.5.1/Source/include\FreeRTOS.h(1320): warning: padding size of 'struct xSTATIC_QUEUE' with 3 bytes to alignment boundary [-Wpadded]
typedef struct xSTATIC_QUEUE
               ^
C:/Keil_v5/ARM/PACK/ARM/CMSIS-FreeRTOS/10.5.1/Source/queue.c(942): warning: empty expression statement has no effect; remove unnecessary ';' to silence this warning [-Wextra-semi-stmt]
                            queueYIELD_IF_USING_PREEMPTION();
                                                            ^
C:/Keil_v5/ARM/PACK/ARM/CMSIS-FreeRTOS/10.5.1/Source/queue.c(955): warning: empty expression statement has no effect; remove unnecessary ';' to silence this warning [-Wextra-semi-stmt]
                        queueYIELD_IF_USING_PREEMPTION();
                                                        ^
C:/Keil_v5/ARM/PACK/ARM/CMSIS-FreeRTOS/10.5.1/Source/queue.c(1024): warning: empty expression statement has no effect; remove unnecessary ';' to silence this warning [-Wextra-semi-stmt]
                    portYIELD_WITHIN_API();
                                          ^
C:/Keil_v5/ARM/PACK/ARM/CMSIS-FreeRTOS/10.5.1/Source/queue.c(1195): warning: empty expression statement has no effect; remove unnecessary ';' to silence this warning [-Wextra-semi-stmt]
                prvIncrementQueueTxLock( pxQueue, cTxLock );
                                                           ^
C:/Keil_v5/ARM/PACK/ARM/CMSIS-FreeRTOS/10.5.1/Source/queue.c(1361): warning: empty expression statement has no effect; remove unnecessary ';' to silence this warning [-Wextra-semi-stmt]
                prvIncrementQueueTxLock( pxQueue, cTxLock );
                                                           ^
C:/Keil_v5/ARM/PACK/ARM/CMSIS-FreeRTOS/10.5.1/Source/queue.c(1425): warning: empty expression statement has no effect; remove unnecessary ';' to silence this warning [-Wextra-semi-stmt]
                        queueYIELD_IF_USING_PREEMPTION();
                                                        ^
C:/Keil_v5/ARM/PACK/ARM/CMSIS-FreeRTOS/10.5.1/Source/queue.c(1485): warning: empty expression statement has no effect; remove unnecessary ';' to silence this warning [-Wextra-semi-stmt]
                    portYIELD_WITHIN_API();
                                          ^
C:/Keil_v5/ARM/PACK/ARM/CMSIS-FreeRTOS/10.5.1/Source/queue.c(1588): warning: empty expression statement has no effect; remove unnecessary ';' to silence this warning [-Wextra-semi-stmt]
                        queueYIELD_IF_USING_PREEMPTION();
                                                        ^
C:/Keil_v5/ARM/PACK/ARM/CMSIS-FreeRTOS/10.5.1/Source/queue.c(1668): warning: empty expression statement has no effect; remove unnecessary ';' to silence this warning [-Wextra-semi-stmt]
                    portYIELD_WITHIN_API();
                                          ^
C:/Keil_v5/ARM/PACK/ARM/CMSIS-FreeRTOS/10.5.1/Source/queue.c(1785): warning: empty expression statement has no effect; remove unnecessary ';' to silence this warning [-Wextra-semi-stmt]
                        queueYIELD_IF_USING_PREEMPTION();
                                                        ^
C:/Keil_v5/ARM/PACK/ARM/CMSIS-FreeRTOS/10.5.1/Source/queue.c(1846): warning: empty expression statement has no effect; remove unnecessary ';' to silence this warning [-Wextra-semi-stmt]
                    portYIELD_WITHIN_API();
                                          ^
C:/Keil_v5/ARM/PACK/ARM/CMSIS-FreeRTOS/10.5.1/Source/queue.c(1958): warning: empty expression statement has no effect; remove unnecessary ';' to silence this warning [-Wextra-semi-stmt]
                prvIncrementQueueRxLock( pxQueue, cRxLock );
                                                           ^
17 warnings generated.
compiling tasks.c...
C:/Keil_v5/ARM/PACK/ARM/CMSIS-FreeRTOS/10.5.1/Source/tasks.c(329): warning: no previous extern declaration for non-static variable 'pxCurrentTCB' [-Wmissing-variable-declarations]
portDONT_DISCARD PRIVILEGED_DATA TCB_t * volatile pxCurrentTCB = NULL;
                                                  ^
C:/Keil_v5/ARM/PACK/ARM/CMSIS-FreeRTOS/10.5.1/Source/tasks.c(329): note: declare 'static' if the variable is not intended to be used outside of this translation unit
portDONT_DISCARD PRIVILEGED_DATA TCB_t * volatile pxCurrentTCB = NULL;
                                 ^
C:/Keil_v5/ARM/PACK/ARM/CMSIS-FreeRTOS/10.5.1/Source/tasks.c(255): warning: padding size of 'struct tskTaskControlBlock' with 2 bytes to alignment boundary [-Wpadded]
typedef struct tskTaskControlBlock       /* The old naming convention is used to prevent breaking kernel aware debuggers. */
               ^
C:/Keil_v5/ARM/PACK/ARM/CMSIS-FreeRTOS/10.5.1/Source/tasks.c(376): warning: no previous extern declaration for non-static variable 'uxTopUsedPriority' [-Wmissing-variable-declarations]
const volatile UBaseType_t uxTopUsedPriority = configMAX_PRIORITIES - 1U;
                           ^
C:/Keil_v5/ARM/PACK/ARM/CMSIS-FreeRTOS/10.5.1/Source/tasks.c(376): note: declare 'static' if the variable is not intended to be used outside of this translation unit
const volatile UBaseType_t uxTopUsedPriority = configMAX_PRIORITIES - 1U;
               ^
C:/Keil_v5/ARM/PACK/ARM/CMSIS-FreeRTOS/10.5.1/Source/tasks.c(39): warning: In file included from...
C:/Keil_v5/ARM/PACK/ARM/CMSIS-FreeRTOS/10.5.1/Source/include\FreeRTOS.h(1256): warning: padding size of 'struct xSTATIC_TCB' with 2 bytes to alignment boundary [-Wpadded]
typedef struct xSTATIC_TCB
               ^
C:/Keil_v5/ARM/PACK/ARM/CMSIS-FreeRTOS/10.5.1/Source/tasks.c(1084): warning: empty expression statement has no effect; remove unnecessary ';' to silence this warning [-Wextra-semi-stmt]
        prvAddTaskToReadyList( pxNewTCB );
                                         ^
C:/Keil_v5/ARM/PACK/ARM/CMSIS-FreeRTOS/10.5.1/Source/tasks.c(1096): warning: empty expression statement has no effect; remove unnecessary ';' to silence this warning [-Wextra-semi-stmt]
            taskYIELD_IF_USING_PREEMPTION();
                                           ^
C:/Keil_v5/ARM/PACK/ARM/CMSIS-FreeRTOS/10.5.1/Source/tasks.c(1200): warning: empty expression statement has no effect; remove unnecessary ';' to silence this warning [-Wextra-semi-stmt]
                portYIELD_WITHIN_API();
                                      ^
C:/Keil_v5/ARM/PACK/ARM/CMSIS-FreeRTOS/10.5.1/Source/tasks.c(1286): warning: empty expression statement has no effect; remove unnecessary ';' to silence this warning [-Wextra-semi-stmt]
            portYIELD_WITHIN_API();
                                  ^
C:/Keil_v5/ARM/PACK/ARM/CMSIS-FreeRTOS/10.5.1/Source/tasks.c(1333): warning: empty expression statement has no effect; remove unnecessary ';' to silence this warning [-Wextra-semi-stmt]
            portYIELD_WITHIN_API();
                                  ^
C:/Keil_v5/ARM/PACK/ARM/CMSIS-FreeRTOS/10.5.1/Source/tasks.c(1644): warning: empty expression statement has no effect; remove unnecessary ';' to silence this warning [-Wextra-semi-stmt]
                    prvAddTaskToReadyList( pxTCB );
                                                  ^
C:/Keil_v5/ARM/PACK/ARM/CMSIS-FreeRTOS/10.5.1/Source/tasks.c(1653): warning: empty expression statement has no effect; remove unnecessary ';' to silence this warning [-Wextra-semi-stmt]
                    taskYIELD_IF_USING_PREEMPTION();
                                                   ^
C:/Keil_v5/ARM/PACK/ARM/CMSIS-FreeRTOS/10.5.1/Source/tasks.c(1747): warning: empty expression statement has no effect; remove unnecessary ';' to silence this warning [-Wextra-semi-stmt]
                portYIELD_WITHIN_API();
                                      ^
C:/Keil_v5/ARM/PACK/ARM/CMSIS-FreeRTOS/10.5.1/Source/tasks.c(1845): warning: empty expression statement has no effect; remove unnecessary ';' to silence this warning [-Wextra-semi-stmt]
                    prvAddTaskToReadyList( pxTCB );
                                                  ^
C:/Keil_v5/ARM/PACK/ARM/CMSIS-FreeRTOS/10.5.1/Source/tasks.c(1853): warning: empty expression statement has no effect; remove unnecessary ';' to silence this warning [-Wextra-semi-stmt]
                        taskYIELD_IF_USING_PREEMPTION();
                                                       ^
C:/Keil_v5/ARM/PACK/ARM/CMSIS-FreeRTOS/10.5.1/Source/tasks.c(1931): warning: empty expression statement has no effect; remove unnecessary ';' to silence this warning [-Wextra-semi-stmt]
                    prvAddTaskToReadyList( pxTCB );
                                                  ^
C:/Keil_v5/ARM/PACK/ARM/CMSIS-FreeRTOS/10.5.1/Source/tasks.c(2201): warning: empty expression statement has no effect; remove unnecessary ';' to silence this warning [-Wextra-semi-stmt]
                    listREMOVE_ITEM( &( pxTCB->xEventListItem ) );
                                                                 ^
C:/Keil_v5/ARM/PACK/ARM/CMSIS-FreeRTOS/10.5.1/Source/tasks.c(2203): warning: empty expression statement has no effect; remove unnecessary ';' to silence this warning [-Wextra-semi-stmt]
                    listREMOVE_ITEM( &( pxTCB->xStateListItem ) );
                                                                 ^
C:/Keil_v5/ARM/PACK/ARM/CMSIS-FreeRTOS/10.5.1/Source/tasks.c(2204): warning: empty expression statement has no effect; remove unnecessary ';' to silence this warning [-Wextra-semi-stmt]
                    prvAddTaskToReadyList( pxTCB );
                                                  ^
C:/Keil_v5/ARM/PACK/ARM/CMSIS-FreeRTOS/10.5.1/Source/tasks.c(2267): warning: empty expression statement has no effect; remove unnecessary ';' to silence this warning [-Wextra-semi-stmt]
                    taskYIELD_IF_USING_PREEMPTION();
                                                   ^
C:/Keil_v5/ARM/PACK/ARM/CMSIS-FreeRTOS/10.5.1/Source/tasks.c(40): warning: In file included from...
C:/Keil_v5/ARM/PACK/ARM/CMSIS-FreeRTOS/10.5.1/Source/include/task.h(160): warning: padding struct 'struct xTASK_STATUS' with 3 bytes to align 'uxCurrentPriority' [-Wpadded]
    UBaseType_t uxCurrentPriority;                /* The priority at which the task was running (may be inherited) when the structure was populated. */
                ^
C:/Keil_v5/ARM/PACK/ARM/CMSIS-FreeRTOS/10.5.1/Source/include/task.h(154): warning: padding size of 'struct xTASK_STATUS' with 2 bytes to alignment boundary [-Wpadded]
typedef struct xTASK_STATUS
               ^
C:/Keil_v5/ARM/PACK/ARM/CMSIS-FreeRTOS/10.5.1/Source/tasks.c(2743): warning: empty expression statement has no effect; remove unnecessary ';' to silence this warning [-Wextra-semi-stmt]
            taskSWITCH_DELAYED_LISTS();
                                      ^
C:/Keil_v5/ARM/PACK/ARM/CMSIS-FreeRTOS/10.5.1/Source/tasks.c(2793): warning: empty expression statement has no effect; remove unnecessary ';' to silence this warning [-Wextra-semi-stmt]
                    listREMOVE_ITEM( &( pxTCB->xStateListItem ) );
                                                                 ^
C:/Keil_v5/ARM/PACK/ARM/CMSIS-FreeRTOS/10.5.1/Source/tasks.c(2799): warning: empty expression statement has no effect; remove unnecessary ';' to silence this warning [-Wextra-semi-stmt]
                        listREMOVE_ITEM( &( pxTCB->xEventListItem ) );
                                                                     ^
C:/Keil_v5/ARM/PACK/ARM/CMSIS-FreeRTOS/10.5.1/Source/tasks.c(2808): warning: empty expression statement has no effect; remove unnecessary ';' to silence this warning [-Wextra-semi-stmt]
                    prvAddTaskToReadyList( pxTCB );
                                                  ^
C:/Keil_v5/ARM/PACK/ARM/CMSIS-FreeRTOS/10.5.1/Source/tasks.c(3051): warning: empty expression statement has no effect; remove unnecessary ';' to silence this warning [-Wextra-semi-stmt]
        taskCHECK_FOR_STACK_OVERFLOW();
                                      ^
C:/Keil_v5/ARM/PACK/ARM/CMSIS-FreeRTOS/10.5.1/Source/tasks.c(3062): warning: empty expression statement has no effect; remove unnecessary ';' to silence this warning [-Wextra-semi-stmt]
        taskSELECT_HIGHEST_PRIORITY_TASK(); /*lint !e9079 void * is used as this macro is used with timers and co-routines too.  Alignment is known to be fine as the type of the pointer stored and retrieved is the same. */
                                          ^
C:/Keil_v5/ARM/PACK/ARM/CMSIS-FreeRTOS/10.5.1/Source/tasks.c(3128): warning: empty expression statement has no effect; remove unnecessary ';' to silence this warning [-Wextra-semi-stmt]
    listINSERT_END( pxEventList, &( pxCurrentTCB->xEventListItem ) );
                                                                    ^
C:/Keil_v5/ARM/PACK/ARM/CMSIS-FreeRTOS/10.5.1/Source/tasks.c(3152): warning: empty expression statement has no effect; remove unnecessary ';' to silence this warning [-Wextra-semi-stmt]
        listINSERT_END( pxEventList, &( pxCurrentTCB->xEventListItem ) );
                                                                        ^
C:/Keil_v5/ARM/PACK/ARM/CMSIS-FreeRTOS/10.5.1/Source/tasks.c(3189): warning: empty expression statement has no effect; remove unnecessary ';' to silence this warning [-Wextra-semi-stmt]
    listREMOVE_ITEM( &( pxUnblockedTCB->xEventListItem ) );
                                                          ^
C:/Keil_v5/ARM/PACK/ARM/CMSIS-FreeRTOS/10.5.1/Source/tasks.c(3193): warning: empty expression statement has no effect; remove unnecessary ';' to silence this warning [-Wextra-semi-stmt]
        listREMOVE_ITEM( &( pxUnblockedTCB->xStateListItem ) );
                                                              ^
C:/Keil_v5/ARM/PACK/ARM/CMSIS-FreeRTOS/10.5.1/Source/tasks.c(3194): warning: empty expression statement has no effect; remove unnecessary ';' to silence this warning [-Wextra-semi-stmt]
        prvAddTaskToReadyList( pxUnblockedTCB );
                                               ^
C:/Keil_v5/ARM/PACK/ARM/CMSIS-FreeRTOS/10.5.1/Source/tasks.c(3214): warning: empty expression statement has no effect; remove unnecessary ';' to silence this warning [-Wextra-semi-stmt]
        listINSERT_END( &( xPendingReadyList ), &( pxUnblockedTCB->xEventListItem ) );
                                                                                     ^
C:/Keil_v5/ARM/PACK/ARM/CMSIS-FreeRTOS/10.5.1/Source/tasks.c(3253): warning: empty expression statement has no effect; remove unnecessary ';' to silence this warning [-Wextra-semi-stmt]
    listREMOVE_ITEM( pxEventListItem );
                                      ^
C:/Keil_v5/ARM/PACK/ARM/CMSIS-FreeRTOS/10.5.1/Source/tasks.c(3272): warning: empty expression statement has no effect; remove unnecessary ';' to silence this warning [-Wextra-semi-stmt]
    listREMOVE_ITEM( &( pxUnblockedTCB->xStateListItem ) );
                                                          ^
C:/Keil_v5/ARM/PACK/ARM/CMSIS-FreeRTOS/10.5.1/Source/tasks.c(3273): warning: empty expression statement has no effect; remove unnecessary ';' to silence this warning [-Wextra-semi-stmt]
    prvAddTaskToReadyList( pxUnblockedTCB );
                                           ^
C:/Keil_v5/ARM/PACK/ARM/CMSIS-FreeRTOS/10.5.1/Source/tasks.c(3469): warning: empty expression statement has no effect; remove unnecessary ';' to silence this warning [-Wextra-semi-stmt]
                taskYIELD();
                           ^
C:/Keil_v5/ARM/PACK/ARM/CMSIS-FreeRTOS/10.5.1/Source/tasks.c(3428): warning: function 'prvIdleTask' could be declared with attribute 'noreturn' [-Wmissing-noreturn]
{
^
C:/Keil_v5/ARM/PACK/ARM/CMSIS-FreeRTOS/10.5.1/Source/tasks.c(3832): warning: empty expression statement has no effect; remove unnecessary ';' to silence this warning [-Wextra-semi-stmt]
            listGET_OWNER_OF_NEXT_ENTRY( pxFirstTCB, pxList ); /*lint !e9079 void * is used as this macro is used with timers and co-routines too.  Alignment is known to be fine as the type of the pointer stored and retrieved is the same. */
                                                             ^
C:/Keil_v5/ARM/PACK/ARM/CMSIS-FreeRTOS/10.5.1/Source/tasks.c(3840): warning: empty expression statement has no effect; remove unnecessary ';' to silence this warning [-Wextra-semi-stmt]
                listGET_OWNER_OF_NEXT_ENTRY( pxNextTCB, pxList ); /*lint !e9079 void * is used as this macro is used with timers and co-routines too.  Alignment is known to be fine as the type of the pointer stored and retrieved is the same. */
                                                                ^
C:/Keil_v5/ARM/PACK/ARM/CMSIS-FreeRTOS/10.5.1/Source/tasks.c(4112): warning: empty expression statement has no effect; remove unnecessary ';' to silence this warning [-Wextra-semi-stmt]
                    prvAddTaskToReadyList( pxMutexHolderTCB );
                                                             ^
C:/Keil_v5/ARM/PACK/ARM/CMSIS-FreeRTOS/10.5.1/Source/tasks.c(4202): warning: empty expression statement has no effect; remove unnecessary ';' to silence this warning [-Wextra-semi-stmt]
                    prvAddTaskToReadyList( pxTCB );
                                                  ^
C:/Keil_v5/ARM/PACK/ARM/CMSIS-FreeRTOS/10.5.1/Source/tasks.c(4315): warning: empty expression statement has no effect; remove unnecessary ';' to silence this warning [-Wextra-semi-stmt]
                        prvAddTaskToReadyList( pxTCB );
                                                      ^
C:/Keil_v5/ARM/PACK/ARM/CMSIS-FreeRTOS/10.5.1/Source/tasks.c(4716): warning: empty expression statement has no effect; remove unnecessary ';' to silence this warning [-Wextra-semi-stmt]
                    portYIELD_WITHIN_API();
                                          ^
C:/Keil_v5/ARM/PACK/ARM/CMSIS-FreeRTOS/10.5.1/Source/tasks.c(4795): warning: empty expression statement has no effect; remove unnecessary ';' to silence this warning [-Wextra-semi-stmt]
                    portYIELD_WITHIN_API();
                                          ^
C:/Keil_v5/ARM/PACK/ARM/CMSIS-FreeRTOS/10.5.1/Source/tasks.c(4908): warning: default label in switch which covers all enumeration values [-Wcovered-switch-default]
                default:
                ^
C:/Keil_v5/ARM/PACK/ARM/CMSIS-FreeRTOS/10.5.1/Source/tasks.c(4924): warning: empty expression statement has no effect; remove unnecessary ';' to silence this warning [-Wextra-semi-stmt]
                listREMOVE_ITEM( &( pxTCB->xStateListItem ) );
                                                             ^
C:/Keil_v5/ARM/PACK/ARM/CMSIS-FreeRTOS/10.5.1/Source/tasks.c(4925): warning: empty expression statement has no effect; remove unnecessary ';' to silence this warning [-Wextra-semi-stmt]
                prvAddTaskToReadyList( pxTCB );
                                              ^
C:/Keil_v5/ARM/PACK/ARM/CMSIS-FreeRTOS/10.5.1/Source/tasks.c(4950): warning: empty expression statement has no effect; remove unnecessary ';' to silence this warning [-Wextra-semi-stmt]
                    taskYIELD_IF_USING_PREEMPTION();
                                                   ^
C:/Keil_v5/ARM/PACK/ARM/CMSIS-FreeRTOS/10.5.1/Source/tasks.c(5051): warning: default label in switch which covers all enumeration values [-Wcovered-switch-default]
                default:
                ^
C:/Keil_v5/ARM/PACK/ARM/CMSIS-FreeRTOS/10.5.1/Source/tasks.c(5071): warning: empty expression statement has no effect; remove unnecessary ';' to silence this warning [-Wextra-semi-stmt]
                    listREMOVE_ITEM( &( pxTCB->xStateListItem ) );
                                                                 ^
C:/Keil_v5/ARM/PACK/ARM/CMSIS-FreeRTOS/10.5.1/Source/tasks.c(5072): warning: empty expression statement has no effect; remove unnecessary ';' to silence this warning [-Wextra-semi-stmt]
                    prvAddTaskToReadyList( pxTCB );
                                                  ^
C:/Keil_v5/ARM/PACK/ARM/CMSIS-FreeRTOS/10.5.1/Source/tasks.c(5078): warning: empty expression statement has no effect; remove unnecessary ';' to silence this warning [-Wextra-semi-stmt]
                    listINSERT_END( &( xPendingReadyList ), &( pxTCB->xEventListItem ) );
                                                                                        ^
C:/Keil_v5/ARM/PACK/ARM/CMSIS-FreeRTOS/10.5.1/Source/tasks.c(5162): warning: empty expression statement has no effect; remove unnecessary ';' to silence this warning [-Wextra-semi-stmt]
                    listREMOVE_ITEM( &( pxTCB->xStateListItem ) );
                                                                 ^
C:/Keil_v5/ARM/PACK/ARM/CMSIS-FreeRTOS/10.5.1/Source/tasks.c(5163): warning: empty expression statement has no effect; remove unnecessary ';' to silence this warning [-Wextra-semi-stmt]
                    prvAddTaskToReadyList( pxTCB );
                                                  ^
C:/Keil_v5/ARM/PACK/ARM/CMSIS-FreeRTOS/10.5.1/Source/tasks.c(5169): warning: empty expression statement has no effect; remove unnecessary ';' to silence this warning [-Wextra-semi-stmt]
                    listINSERT_END( &( xPendingReadyList ), &( pxTCB->xEventListItem ) );
                                                                                        ^
C:/Keil_v5/ARM/PACK/ARM/CMSIS-FreeRTOS/10.5.1/Source/tasks.c(5332): warning: empty expression statement has no effect; remove unnecessary ';' to silence this warning [-Wextra-semi-stmt]
            listINSERT_END( &xSuspendedTaskList, &( pxCurrentTCB->xStateListItem ) );
                                                                                    ^
57 warnings generated.
compiling timers.c...
C:/Keil_v5/ARM/PACK/ARM/CMSIS-FreeRTOS/10.5.1/Source/timers.c(37): warning: In file included from...
C:/Keil_v5/ARM/PACK/ARM/CMSIS-FreeRTOS/10.5.1/Source/include\FreeRTOS.h(1256): warning: padding size of 'struct xSTATIC_TCB' with 2 bytes to alignment boundary [-Wpadded]
typedef struct xSTATIC_TCB
               ^
C:/Keil_v5/ARM/PACK/ARM/CMSIS-FreeRTOS/10.5.1/Source/timers.c(75): warning: padding size of 'struct tmrTimerControl' with 3 bytes to alignment boundary [-Wpadded]
    typedef struct tmrTimerControl                  /* The old naming convention is used to prevent breaking kernel aware debuggers. */
                   ^
C:/Keil_v5/ARM/PACK/ARM/CMSIS-FreeRTOS/10.5.1/Source/timers.c(37): warning: In file included from...
C:/Keil_v5/ARM/PACK/ARM/CMSIS-FreeRTOS/10.5.1/Source/include\FreeRTOS.h(1391): warning: padding size of 'struct xSTATIC_TIMER' with 3 bytes to alignment boundary [-Wpadded]
typedef struct xSTATIC_TIMER
               ^
C:/Keil_v5/ARM/PACK/ARM/CMSIS-FreeRTOS/10.5.1/Source/timers.c(569): warning: function 'prvTimerTask' could be declared with attribute 'noreturn' [-Wmissing-noreturn]
    {
    ^
C:/Keil_v5/ARM/PACK/ARM/CMSIS-FreeRTOS/10.5.1/Source/timers.c(650): warning: empty expression statement has no effect; remove unnecessary ';' to silence this warning [-Wextra-semi-stmt]
                        portYIELD_WITHIN_API();
                                              ^
C:/Keil_v5/ARM/PACK/ARM/CMSIS-FreeRTOS/10.5.1/Source/timers.c(37): warning: In file included from...
C:/Keil_v5/ARM/PACK/ARM/CMSIS-FreeRTOS/10.5.1/Source/include\FreeRTOS.h(1343): warning: padding struct 'struct xSTATIC_QUEUE' with 1 byte to align 'uxDummy8' [-Wpadded]
        UBaseType_t uxDummy8;
                    ^
C:/Keil_v5/ARM/PACK/ARM/CMSIS-FreeRTOS/10.5.1/Source/include\FreeRTOS.h(1320): warning: padding size of 'struct xSTATIC_QUEUE' with 3 bytes to alignment boundary [-Wpadded]
typedef struct xSTATIC_QUEUE
               ^
7 warnings generated.
linking...
Program Size: Code=5416 RO-data=268 RW-data=4 ZI-data=11484  
".\Objects\RTOS_test.axf" - 0 Error(s), 104 Warning(s).

<h2>Software Packages used:</h2>

Package Vendor: ARM
                http://www.keil.com/pack/ARM.CMSIS.5.9.0.pack
                ARM.CMSIS.5.9.0
                CMSIS (Common Microcontroller Software Interface Standard)
   * Component: RTOS2 Version: 2.1.3
   * Component: CORE Version: 5.6.0

Package Vendor: ARM
                https://www.keil.com/pack/ARM.CMSIS-FreeRTOS.10.5.1.pack
                ARM.CMSIS-FreeRTOS.10.5.1
                Bundle of FreeRTOS for Cortex-M and Cortex-A
   * Component: Config Variant: CMSIS RTOS2 Version: 10.5.1
   * Component: Core Variant: Cortex-M Version: 10.5.1
   * Component: Event Groups Version: 10.5.1
   * Component: Heap Variant: Heap_4 Version: 10.5.1
   * Component: Timers Version: 10.5.1
   * Component: FreeRTOS Variant: Cortex-M Version: 10.5.1

Package Vendor: Keil
                https://www.keil.com/pack/Keil.STM32F1xx_DFP.2.4.1.pack
                Keil.STM32F1xx_DFP.2.4.1
                STMicroelectronics STM32F1 Series Device Support, Drivers and Examples
   * Component: Startup Version: 1.0.0
   * Component: Framework Version: 3.6.0
   * Component: GPIO Version: 3.6.0
   * Component: RCC Version: 3.6.0
   * Component: USART Version: 3.6.0

<h2>Collection of Component include folders:</h2>
  .\RTE\Device\STM32F103C8
  .\RTE\RTOS
  .\RTE\_Target_1
  C:\Keil_v5\ARM\PACK\ARM\CMSIS-FreeRTOS\10.5.1\CMSIS\RTOS2\FreeRTOS\Include
  C:\Keil_v5\ARM\PACK\ARM\CMSIS-FreeRTOS\10.5.1\Source\include
  C:\Keil_v5\ARM\PACK\ARM\CMSIS-FreeRTOS\10.5.1\Source\portable\GCC\ARM_CM3
  C:\Keil_v5\ARM\PACK\ARM\CMSIS\5.9.0\CMSIS\Core\Include
  C:\Keil_v5\ARM\PACK\ARM\CMSIS\5.9.0\CMSIS\RTOS2\Include
  C:\Keil_v5\ARM\PACK\Keil\STM32F1xx_DFP\2.4.1\Device\Include
  C:\Keil_v5\ARM\PACK\Keil\STM32F1xx_DFP\2.4.1\Device\StdPeriph_Driver\inc

<h2>Collection of Component Files used:</h2>

   * Component: ::CMSIS:RTOS2:2.1.3 (API)
      Include file:  CMSIS\RTOS2\Include\cmsis_os2.h

   * Component: ARM.FreeRTOS::RTOS:Config:CMSIS RTOS2:10.5.1
      Include file:  CMSIS\RTOS2\FreeRTOS\Config\ARMCM\FreeRTOSConfig.h

   * Component: ARM.FreeRTOS::RTOS:Core:Cortex-M:10.5.1
      Include file:  Source\include\FreeRTOS.h
      Include file:  Source\include\queue.h
      Include file:  Source\include\task.h
      Source file:   Source\list.c
      Include file:  Source\include\semphr.h
      Source file:   Source\tasks.c
      Source file:   Source\queue.c
      Source file:   Source\portable\GCC\ARM_CM3\port.c
      Source file:   CMSIS\RTOS2\FreeRTOS\Source\freertos_evr.c

   * Component: ARM.FreeRTOS::RTOS:Event Groups:10.5.1
      Source file:   Source\event_groups.c
      Include file:  Source\include\event_groups.h

   * Component: ARM.FreeRTOS::RTOS:Heap:Heap_4:10.5.1
      Source file:   Source\portable\MemMang\heap_4.c

   * Component: ARM.FreeRTOS::RTOS:Timers:10.5.1
      Include file:  Source\include\timers.h
      Source file:   Source\timers.c

   * Component: ARM::CMSIS:CORE:5.6.0

   * Component: ARM::CMSIS:RTOS2:FreeRTOS:Cortex-M:10.5.1
      Source file:   CMSIS\RTOS2\FreeRTOS\Source\os_systick.c
      Source file:   CMSIS\RTOS2\FreeRTOS\Source\ARM\clib_arm.c
      Include file:  CMSIS\RTOS2\FreeRTOS\Include\freertos_mpool.h
      Source file:   CMSIS\RTOS2\FreeRTOS\Source\cmsis_os2.c

   * Component: Keil::Device:Startup:1.0.0
      Source file:   Device\Source\ARM\startup_stm32f10x_md.s
      Source file:   Device\Source\ARM\STM32F1xx_OPT.s
      Include file:  RTE_Driver\Config\RTE_Device.h
      Source file:   Device\Source\system_stm32f10x.c

   * Component: Keil::Device:StdPeriph Drivers:Framework:3.6.0
      Include file:  Device\StdPeriph_Driver\templates\stm32f10x_it.h
      Include file:  Device\StdPeriph_Driver\inc\misc.h
      Source file:   Device\StdPeriph_Driver\templates\stm32f10x_it.c
      Source file:   Device\StdPeriph_Driver\templates\stm32f10x_conf.h
      Source file:   Device\StdPeriph_Driver\src\misc.c

   * Component: Keil::Device:StdPeriph Drivers:GPIO:3.6.0
      Include file:  Device\StdPeriph_Driver\inc\stm32f10x_gpio.h
      Source file:   Device\StdPeriph_Driver\src\stm32f10x_gpio.c

   * Component: Keil::Device:StdPeriph Drivers:RCC:3.6.0
      Include file:  Device\StdPeriph_Driver\inc\stm32f10x_rcc.h
      Source file:   Device\StdPeriph_Driver\src\stm32f10x_rcc.c

   * Component: Keil::Device:StdPeriph Drivers:USART:3.6.0
      Source file:   Device\StdPeriph_Driver\src\stm32f10x_usart.c
      Include file:  Device\StdPeriph_Driver\inc\stm32f10x_usart.h
Build Time Elapsed:  00:00:14
</pre>
</body>
</html>
